Component: ARM Compiler 5.05 update 1 (build 106) Tool: armlink [4d0efa]

==============================================================================

Section Cross References

    system_stm32f4xx.o(i.SystemCoreClockUpdate) refers to system_stm32f4xx.o(.data) for .data
    system_stm32f4xx.o(i.SystemCoreClockUpdate) refers to system_stm32f4xx.o(.constdata) for .constdata
    startup_stm32f427xx.o(RESET) refers to startup_stm32f427xx.o(STACK) for __initial_sp
    startup_stm32f427xx.o(RESET) refers to startup_stm32f427xx.o(.text) for Reset_Handler
    startup_stm32f427xx.o(RESET) refers to stm32f4xx_it.o(i.NMI_Handler) for NMI_Handler
    startup_stm32f427xx.o(RESET) refers to stm32f4xx_it.o(i.HardFault_Handler) for HardFault_Handler
    startup_stm32f427xx.o(RESET) refers to stm32f4xx_it.o(i.MemManage_Handler) for MemManage_Handler
    startup_stm32f427xx.o(RESET) refers to stm32f4xx_it.o(i.BusFault_Handler) for BusFault_Handler
    startup_stm32f427xx.o(RESET) refers to stm32f4xx_it.o(i.UsageFault_Handler) for UsageFault_Handler
    startup_stm32f427xx.o(RESET) refers to port.o(.emb_text) for SVC_Handler
    startup_stm32f427xx.o(RESET) refers to stm32f4xx_it.o(i.DebugMon_Handler) for DebugMon_Handler
    startup_stm32f427xx.o(RESET) refers to stm32f4xx_it.o(i.SysTick_Handler) for SysTick_Handler
    startup_stm32f427xx.o(RESET) refers to stm32f4xx_it.o(i.EXTI1_IRQHandler) for EXTI1_IRQHandler
    startup_stm32f427xx.o(RESET) refers to stm32f4xx_it.o(i.EXTI3_IRQHandler) for EXTI3_IRQHandler
    startup_stm32f427xx.o(RESET) refers to stm32f4xx_it.o(i.DMA1_Stream1_IRQHandler) for DMA1_Stream1_IRQHandler
    startup_stm32f427xx.o(RESET) refers to stm32f4xx_it.o(i.CAN1_TX_IRQHandler) for CAN1_TX_IRQHandler
    startup_stm32f427xx.o(RESET) refers to stm32f4xx_it.o(i.CAN1_RX0_IRQHandler) for CAN1_RX0_IRQHandler
    startup_stm32f427xx.o(RESET) refers to stm32f4xx_it.o(i.USART1_IRQHandler) for USART1_IRQHandler
    startup_stm32f427xx.o(RESET) refers to stm32f4xx_it.o(i.USART2_IRQHandler) for USART2_IRQHandler
    startup_stm32f427xx.o(RESET) refers to stm32f4xx_it.o(i.USART3_IRQHandler) for USART3_IRQHandler
    startup_stm32f427xx.o(RESET) refers to stm32f4xx_it.o(i.EXTI15_10_IRQHandler) for EXTI15_10_IRQHandler
    startup_stm32f427xx.o(RESET) refers to stm32f4xx_it.o(i.TIM6_DAC_IRQHandler) for TIM6_DAC_IRQHandler
    startup_stm32f427xx.o(RESET) refers to stm32f4xx_it.o(i.DMA2_Stream2_IRQHandler) for DMA2_Stream2_IRQHandler
    startup_stm32f427xx.o(RESET) refers to stm32f4xx_it.o(i.CAN2_TX_IRQHandler) for CAN2_TX_IRQHandler
    startup_stm32f427xx.o(RESET) refers to stm32f4xx_it.o(i.CAN2_RX0_IRQHandler) for CAN2_RX0_IRQHandler
    startup_stm32f427xx.o(RESET) refers to stm32f4xx_it.o(i.OTG_FS_IRQHandler) for OTG_FS_IRQHandler
    startup_stm32f427xx.o(RESET) refers to stm32f4xx_it.o(i.USART6_IRQHandler) for USART6_IRQHandler
    startup_stm32f427xx.o(.text) refers to system_stm32f4xx.o(i.SystemInit) for SystemInit
    startup_stm32f427xx.o(.text) refers to entry.o(.ARM.Collect$$$$00000000) for __main
    stm32f4xx_hal_dma.o(i.DMA_CalcBaseAndBitshift) refers to stm32f4xx_hal_dma.o(.constdata) for .constdata
    stm32f4xx_hal_dma.o(i.HAL_DMA_Abort) refers to stm32f4xx_hal.o(i.HAL_GetTick) for HAL_GetTick
    stm32f4xx_hal_dma.o(i.HAL_DMA_DeInit) refers to stm32f4xx_hal_dma.o(i.DMA_CalcBaseAndBitshift) for DMA_CalcBaseAndBitshift
    stm32f4xx_hal_dma.o(i.HAL_DMA_IRQHandler) refers to system_stm32f4xx.o(.data) for SystemCoreClock
    stm32f4xx_hal_dma.o(i.HAL_DMA_Init) refers to stm32f4xx_hal.o(i.HAL_GetTick) for HAL_GetTick
    stm32f4xx_hal_dma.o(i.HAL_DMA_Init) refers to stm32f4xx_hal_dma.o(i.DMA_CheckFifoParam) for DMA_CheckFifoParam
    stm32f4xx_hal_dma.o(i.HAL_DMA_Init) refers to stm32f4xx_hal_dma.o(i.DMA_CalcBaseAndBitshift) for DMA_CalcBaseAndBitshift
    stm32f4xx_hal_dma.o(i.HAL_DMA_PollForTransfer) refers to stm32f4xx_hal.o(i.HAL_GetTick) for HAL_GetTick
    stm32f4xx_hal_dma.o(i.HAL_DMA_PollForTransfer) refers to stm32f4xx_hal_dma.o(i.HAL_DMA_Abort) for HAL_DMA_Abort
    stm32f4xx_hal_dma.o(i.HAL_DMA_Start) refers to stm32f4xx_hal_dma.o(i.DMA_SetConfig) for DMA_SetConfig
    stm32f4xx_hal_dma.o(i.HAL_DMA_Start_IT) refers to stm32f4xx_hal_dma.o(i.DMA_SetConfig) for DMA_SetConfig
    stm32f4xx_hal_cortex.o(i.HAL_NVIC_SetPriority) refers to stm32f4xx_hal_cortex.o(i.NVIC_SetPriority) for NVIC_SetPriority
    stm32f4xx_hal_cortex.o(i.HAL_SYSTICK_Config) refers to stm32f4xx_hal_cortex.o(i.NVIC_SetPriority) for NVIC_SetPriority
    stm32f4xx_hal_cortex.o(i.HAL_SYSTICK_IRQHandler) refers to stm32f4xx_hal_cortex.o(i.HAL_SYSTICK_Callback) for HAL_SYSTICK_Callback
    stm32f4xx_hal_uart.o(i.HAL_HalfDuplex_Init) refers to usart.o(i.HAL_UART_MspInit) for HAL_UART_MspInit
    stm32f4xx_hal_uart.o(i.HAL_HalfDuplex_Init) refers to stm32f4xx_hal_uart.o(i.UART_SetConfig) for UART_SetConfig
    stm32f4xx_hal_uart.o(i.HAL_LIN_Init) refers to usart.o(i.HAL_UART_MspInit) for HAL_UART_MspInit
[...]
    CMBLRxIOPool                             0x200002b4   Data          20  drivers_canmotor.o(.data)
    CMBRRxIOPool                             0x200002c8   Data          20  drivers_canmotor.o(.data)
    GMPITCHRxIOPool                          0x200002dc   Data          20  drivers_canmotor.o(.data)
    GMYAWRxIOPool                            0x200002f0   Data          20  drivers_canmotor.o(.data)
    AMUDFLRxIOPool                           0x20000304   Data          20  drivers_canmotor.o(.data)
    AMUDFRRxIOPool                           0x20000318   Data          20  drivers_canmotor.o(.data)
    AMUDBLRxIOPool                           0x2000032c   Data          20  drivers_canmotor.o(.data)
    AMUDBRRxIOPool                           0x20000340   Data          20  drivers_canmotor.o(.data)
    AMPLATERxIOPool                          0x20000354   Data          20  drivers_canmotor.o(.data)
    AMGETBULLETRxIOPool                      0x20000368   Data          20  drivers_canmotor.o(.data)
    CMTxIOPool                               0x2000037c   Data          20  drivers_canmotor.o(.data)
    GMTxIOPool                               0x20000390   Data          20  drivers_canmotor.o(.data)
    AM1TxIOPool                              0x200003a4   Data          20  drivers_canmotor.o(.data)
    AM2TxIOPool                              0x200003b8   Data          20  drivers_canmotor.o(.data)
    CMFRRxIOPool_readPoolMap                 0x200003cc   Data           2  drivers_canmotor.o(.data)
    CMFRRxIOPool_readPool                    0x200003ce   Data           3  drivers_canmotor.o(.data)
    CMBLRxIOPool_readPoolMap                 0x200003d2   Data           2  drivers_canmotor.o(.data)
    CMBLRxIOPool_readPool                    0x200003d4   Data           3  drivers_canmotor.o(.data)
    CMBRRxIOPool_readPoolMap                 0x200003d8   Data           2  drivers_canmotor.o(.data)
    CMBRRxIOPool_readPool                    0x200003da   Data           3  drivers_canmotor.o(.data)
    GMPITCHRxIOPool_readPoolMap              0x200003de   Data           2  drivers_canmotor.o(.data)
    GMPITCHRxIOPool_readPool                 0x200003e0   Data           3  drivers_canmotor.o(.data)
    GMYAWRxIOPool_readPoolMap                0x200003e4   Data           2  drivers_canmotor.o(.data)
    GMYAWRxIOPool_readPool                   0x200003e6   Data           3  drivers_canmotor.o(.data)
    AMUDFLRxIOPool_readPoolMap               0x200003ea   Data           2  drivers_canmotor.o(.data)
    AMUDFLRxIOPool_readPool                  0x200003ec   Data           3  drivers_canmotor.o(.data)
    AMUDFRRxIOPool_readPoolMap               0x200003f0   Data           2  drivers_canmotor.o(.data)
    AMUDFRRxIOPool_readPool                  0x200003f2   Data           3  drivers_canmotor.o(.data)
    AMUDBLRxIOPool_readPoolMap               0x200003f6   Data           2  drivers_canmotor.o(.data)
    AMUDBLRxIOPool_readPool                  0x200003f8   Data           3  drivers_canmotor.o(.data)
    AMUDBRRxIOPool_readPoolMap               0x200003fc   Data           2  drivers_canmotor.o(.data)
    AMUDBRRxIOPool_readPool                  0x200003fe   Data           3  drivers_canmotor.o(.data)
    AMPLATERxIOPool_readPoolMap              0x20000402   Data           2  drivers_canmotor.o(.data)
    AMPLATERxIOPool_readPool                 0x20000404   Data           3  drivers_canmotor.o(.data)
    AMGETBULLETRxIOPool_readPoolMap          0x20000408   Data           2  drivers_canmotor.o(.data)
    AMGETBULLETRxIOPool_readPool             0x2000040a   Data           3  drivers_canmotor.o(.data)
    CMTxIOPool_readPoolMap                   0x2000040e   Data           2  drivers_canmotor.o(.data)
    CMTxIOPool_data                          0x20000410   Data          84  drivers_canmotor.o(.data)
    CMTxIOPool_readPool                      0x20000464   Data           3  drivers_canmotor.o(.data)
    GMTxIOPool_readPoolMap                   0x20000468   Data           2  drivers_canmotor.o(.data)
    GMTxIOPool_data                          0x2000046c   Data          84  drivers_canmotor.o(.data)
    GMTxIOPool_readPool                      0x200004c0   Data           3  drivers_canmotor.o(.data)
    AM1TxIOPool_readPoolMap                  0x200004c4   Data           2  drivers_canmotor.o(.data)
    AM1TxIOPool_data                         0x200004c8   Data          84  drivers_canmotor.o(.data)
    AM1TxIOPool_readPool                     0x2000051c   Data           3  drivers_canmotor.o(.data)
    AM2TxIOPool_readPoolMap                  0x20000520   Data           2  drivers_canmotor.o(.data)
    AM2TxIOPool_data                         0x20000524   Data          84  drivers_canmotor.o(.data)
    AM2TxIOPool_readPool                     0x20000578   Data           3  drivers_canmotor.o(.data)
    rcUartIOPool_readPoolMap                 0x2000057c   Data           2  drivers_uartrc.o(.data)
    rcUartIOPool_readPool                    0x2000057e   Data           3  drivers_uartrc.o(.data)
    last_rc_time                             0x20000588   Data           8  drivers_uartrc.o(.data)
    rcUartIOPool                             0x20000590   Data          20  drivers_uartrc.o(.data)
    data                                     0x200005a4   Data           1  drivers_uartupper.o(.data)
    RX_STA                                   0x200005a6   Data           2  drivers_uartupper.o(.data)
    receiving                                0x200005a8   Data           1  drivers_uartjudge.o(.data)
    buffercnt                                0x200005a9   Data           1  drivers_uartjudge.o(.data)
    JUDGE_Received                           0x200005aa   Data           1  drivers_uartjudge.o(.data)
    tmp_judge                                0x200005ab   Data           1  drivers_uartjudge.o(.data)
    FollowLoc                                0x200005ac   Data           6  drivers_uartjudge.o(.data)
    GM_RUN                                   0x200005b2   Data           1  tasks_motor.o(.data)
    yawAngleTarget                           0x200005b4   Data           4  tasks_motor.o(.data)
    pitchAngleTarget                         0x200005b8   Data           4  tasks_motor.o(.data)
    aux1_targetSpeed                         0x200005c0   Data           4  tasks_motor.o(.data)
    aux2_targetSpeed                         0x200005c4   Data           4  tasks_motor.o(.data)
    aux_motor34_position_target              0x200005c8   Data           8  tasks_motor.o(.data)
    aux_motor3_zero_angle                    0x200005d0   Data           8  tasks_motor.o(.data)
    aux_motor4_zero_angle                    0x200005d8   Data           8  tasks_motor.o(.data)
    plate_angle_target                       0x200005e0   Data           8  tasks_motor.o(.data)
    plate_zero_angle                         0x200005e8   Data           8  tasks_motor.o(.data)
    getBullet_angle_target                   0x200005f0   Data           8  tasks_motor.o(.data)
    getBullet_zero_angle                     0x200005f8   Data           8  tasks_motor.o(.data)
    aux34_limit                              0x20000600   Data           8  tasks_motor.o(.data)
    getBullet_limit                          0x20000608   Data           8  tasks_motor.o(.data)
    CMFLSpeedPID                             0x20000634   Data          72  application_chassiscontrol.o(.data)
    CMFRSpeedPID                             0x2000067c   Data          72  application_chassiscontrol.o(.data)
    CMBLSpeedPID                             0x200006c4   Data          72  application_chassiscontrol.o(.data)
    CMBRSpeedPID                             0x2000070c   Data          72  application_chassiscontrol.o(.data)
    maxx                                     0x20000758   Data           2  task_quaternion.o(.data)
    maxy                                     0x2000075a   Data           2  task_quaternion.o(.data)
    maxz                                     0x2000075c   Data           2  task_quaternion.o(.data)
    minx                                     0x2000075e   Data           2  task_quaternion.o(.data)
    miny                                     0x20000760   Data           2  task_quaternion.o(.data)
    minz                                     0x20000762   Data           2  task_quaternion.o(.data)
    q0                                       0x20000764   Data           4  task_quaternion.o(.data)
    q1                                       0x20000768   Data           4  task_quaternion.o(.data)
    q2                                       0x2000076c   Data           4  task_quaternion.o(.data)
    q3                                       0x20000770   Data           4  task_quaternion.o(.data)
    gx                                       0x20000788   Data           4  task_quaternion.o(.data)
    gy                                       0x2000078c   Data           4  task_quaternion.o(.data)
    gz                                       0x20000790   Data           4  task_quaternion.o(.data)
    ax                                       0x20000794   Data           4  task_quaternion.o(.data)
    ay                                       0x20000798   Data           4  task_quaternion.o(.data)
    az                                       0x2000079c   Data           4  task_quaternion.o(.data)
    mx                                       0x200007a0   Data           4  task_quaternion.o(.data)
    my                                       0x200007a4   Data           4  task_quaternion.o(.data)
    mz                                       0x200007a8   Data           4  task_quaternion.o(.data)
    gYroX                                    0x200007ac   Data           4  task_quaternion.o(.data)
    gYroY                                    0x200007b0   Data           4  task_quaternion.o(.data)
    gYroZ                                    0x200007b4   Data           4  task_quaternion.o(.data)
    YawZeroEncoderBias                       0x200007c8   Data           2  application_gimbalcontrol.o(.data)
    PitchZeroEncoderBias                     0x200007ca   Data           2  application_gimbalcontrol.o(.data)
    yawRealAngle                             0x200007cc   Data           4  application_gimbalcontrol.o(.data)
    pitchRealAngle                           0x200007d0   Data           4  application_gimbalcontrol.o(.data)
    yawRealSpeed                             0x200007d4   Data           4  application_gimbalcontrol.o(.data)
    yawPositionPID                           0x200007d8   Data          72  application_gimbalcontrol.o(.data)
    yawSpeedPID                              0x20000820   Data          72  application_gimbalcontrol.o(.data)
    pitchPositionPID                         0x20000868   Data          72  application_gimbalcontrol.o(.data)
    pitchSpeedPID                            0x200008b0   Data          72  application_gimbalcontrol.o(.data)
    plateRealAngle                           0x20000900   Data           8  application_auxmotorcontrol.o(.data)
    getBulletRealAngle                       0x20000908   Data           8  application_auxmotorcontrol.o(.data)
    aux1_realAngle                           0x20000910   Data           8  application_auxmotorcontrol.o(.data)
    aux2_realAngle                           0x20000918   Data           8  application_auxmotorcontrol.o(.data)
    aux3_realAngle                           0x20000920   Data           8  application_auxmotorcontrol.o(.data)
    aux4_realAngle                           0x20000928   Data           8  application_auxmotorcontrol.o(.data)
    platePositionPID                         0x20000960   Data          72  application_auxmotorcontrol.o(.data)
    plateSpeedPID                            0x200009a8   Data          72  application_auxmotorcontrol.o(.data)
    getBulletPositionPID                     0x200009f0   Data          72  application_auxmotorcontrol.o(.data)
    getBulletSpeedPID                        0x20000a38   Data          72  application_auxmotorcontrol.o(.data)
    UDFLPositionPID                          0x20000a80   Data          72  application_auxmotorcontrol.o(.data)
    UDFLSpeedPID                             0x20000ac8   Data          72  application_auxmotorcontrol.o(.data)
    UDFRPositionPID                          0x20000b10   Data          72  application_auxmotorcontrol.o(.data)
    UDFRSpeedPID                             0x20000b58   Data          72  application_auxmotorcontrol.o(.data)
    UDBLPositionPID                          0x20000ba0   Data          72  application_auxmotorcontrol.o(.data)
    UDBLSpeedPID                             0x20000be8   Data          72  application_auxmotorcontrol.o(.data)
    UDBRPositionPID                          0x20000c30   Data          72  application_auxmotorcontrol.o(.data)
    UDBRSpeedPID                             0x20000c78   Data          72  application_auxmotorcontrol.o(.data)
    emer                                     0x20000cc0   Data           1  application_remotecontrol.o(.data)
    GMMode                                   0x20000cc1   Data           1  application_remotecontrol.o(.data)
    inputmode                                0x20000cc2   Data           1  application_remotecontrol.o(.data)
    workState                                0x20000cc3   Data           1  application_remotecontrol.o(.data)
    lastWorkState                            0x20000cc4   Data           1  application_remotecontrol.o(.data)
    shootMode                                0x20000cc5   Data           1  application_remotecontrol.o(.data)
    emergency_Flag                           0x20000cc6   Data           1  application_remotecontrol.o(.data)
    friction_wheel_state                     0x20000cc7   Data           1  application_remotecontrol.o(.data)
    shootState                               0x20000cc8   Data           1  application_remotecontrol.o(.data)
    MODE_SWITCH                              0x20000cc9   Data           1  application_remotecontrol.o(.data)
    shoot_mode                               0x20000cca   Data           1  application_remotecontrol.o(.data)
    redir_mode                               0x20000cd4   Data           4  application_remotecontrol.o(.data)
    forward_kp                               0x20000cd8   Data           4  application_remotecontrol.o(.data)
    frictionRamp                             0x20000ce4   Data          36  application_remotecontrol.o(.data)
    LRSpeedRamp                              0x20000d08   Data          36  application_remotecontrol.o(.data)
    FBSpeedRamp                              0x20000d2c   Data          36  application_remotecontrol.o(.data)
    RotSpeedRamp                             0x20000d50   Data          36  application_remotecontrol.o(.data)
    Hero_Order                               0x20000d78   Data           1  tasks_hero.o(.data)
    Hero_State                               0x20000d79   Data           1  tasks_hero.o(.data)
    aut_get_bullet_base_height               0x20000d80   Data           8  tasks_hero.o(.data)
    __stdout                                 0x20000d8c   Data           4  stdout.o(.data)
    __microlib_freelist                      0x20000d90   Data           4  mvars.o(.data)
    __microlib_freelist_initialised          0x20000d94   Data           4  mvars.o(.data)
    hpcd_USB_OTG_FS                          0x2000d1dc   Data        1008  usbd_conf.o(.bss)
    htim2                                    0x2000d5cc   Data          60  tim.o(.bss)
    htim3                                    0x2000d608   Data          60  tim.o(.bss)
    htim4                                    0x2000d644   Data          60  tim.o(.bss)
    htim5                                    0x2000d680   Data          60  tim.o(.bss)
    htim6                                    0x2000d6bc   Data          60  tim.o(.bss)
    htim8                                    0x2000d6f8   Data          60  tim.o(.bss)
    htim12                                   0x2000d734   Data          60  tim.o(.bss)
    huart1                                   0x2000d770   Data          64  usart.o(.bss)
    huart2                                   0x2000d7b0   Data          64  usart.o(.bss)
    huart3                                   0x2000d7f0   Data          64  usart.o(.bss)
    huart6                                   0x2000d830   Data          64  usart.o(.bss)
    hdma_usart1_rx                           0x2000d870   Data          96  usart.o(.bss)
    hdma_usart3_rx                           0x2000d8d0   Data          96  usart.o(.bss)
    USBD_StrDesc                             0x2000d930   Data         128  usbd_desc.o(.bss)
    hcan1                                    0x2000d9b0   Data          64  can.o(.bss)
    hcan2                                    0x2000d9f0   Data          64  can.o(.bss)
    hUsbDeviceFS                             0x2000da30   Data         548  usb_device.o(.bss)
    hspi5                                    0x2000dc54   Data          88  spi.o(.bss)
    hiwdg                                    0x2000dcac   Data          12  iwdg.o(.bss)
    imu_data                                 0x2000dcb8   Data          20  drivers_imu.o(.bss)
    imu_data_offest                          0x2000dccc   Data          20  drivers_imu.o(.bss)
    IMUIOPool_data                           0x2000dce0   Data          36  drivers_imu.o(.bss)
    CMFLRxIOPool_data                        0x2000dd04   Data          12  drivers_canmotor.o(.bss)
    CMFRRxIOPool_data                        0x2000dd10   Data          12  drivers_canmotor.o(.bss)
    CMBLRxIOPool_data                        0x2000dd1c   Data          12  drivers_canmotor.o(.bss)
    CMBRRxIOPool_data                        0x2000dd28   Data          12  drivers_canmotor.o(.bss)
    GMPITCHRxIOPool_data                     0x2000dd34   Data          18  drivers_canmotor.o(.bss)
    GMYAWRxIOPool_data                       0x2000dd46   Data          18  drivers_canmotor.o(.bss)
    AMUDFLRxIOPool_data                      0x2000dd58   Data          12  drivers_canmotor.o(.bss)
    AMUDFRRxIOPool_data                      0x2000dd64   Data          12  drivers_canmotor.o(.bss)
    AMUDBLRxIOPool_data                      0x2000dd70   Data          12  drivers_canmotor.o(.bss)
    AMUDBRRxIOPool_data                      0x2000dd7c   Data          12  drivers_canmotor.o(.bss)
    AMPLATERxIOPool_data                     0x2000dd88   Data          12  drivers_canmotor.o(.bss)
    AMGETBULLETRxIOPool_data                 0x2000dd94   Data          12  drivers_canmotor.o(.bss)
    CMGMCanRxMsg                             0x2000dda0   Data          36  drivers_canmotor.o(.bss)
    AMCanRxMsg                               0x2000ddc4   Data          36  drivers_canmotor.o(.bss)
    rcUartIOPool_data                        0x2000dde8   Data          66  drivers_uartrc.o(.bss)
    RC_Data_ch                               0x2000de2a   Data          50  drivers_uartrc.o(.bss)
    buf                                      0x2000de5c   Data        1024  drivers_uartupper.o(.bss)
    buffer                                   0x2000e25c   Data          10  drivers_uartjudge.o(.bss)
    mytGameInfo                              0x2000e268   Data          20  drivers_uartjudge.o(.bss)
    ChassisSpeedRef                          0x2000e27c   Data          12  tasks_motor.o(.bss)
    FFollowLoc                               0x2000e288   Data          12  tasks_motor.o(.bss)
    angles                                   0x2000e294   Data          12  task_quaternion.o(.bss)
    __heap_base                              0x2000e2d0   Data           0  startup_stm32f427xx.o(HEAP)
    __heap_limit                             0x2000f2d0   Data           0  startup_stm32f427xx.o(HEAP)
    __initial_sp                             0x2000f6d0   Data           0  startup_stm32f427xx.o(STACK)



==============================================================================

Memory Map of the image

  Image Entry point : 0x080001ad

  Load Region LR_IROM1 (Base: 0x08000000, Size: 0x0000fcb0, Max: 0x00200000, ABSOLUTE, COMPRESSED[0x0000f198])

    Execution Region ER_IROM1 (Base: 0x08000000, Size: 0x0000ef14, Max: 0x00200000, ABSOLUTE)

    Base Addr    Size         Type   Attr      Idx    E Section Name        Object

    0x08000000   0x000001ac   Data   RO          151    RESET               startup_stm32f427xx.o
    0x080001ac   0x00000000   Code   RO         7904  * .ARM.Collect$$$$00000000  mc_w.l(entry.o)
    0x080001ac   0x00000004   Code   RO         8275    .ARM.Collect$$$$00000001  mc_w.l(entry2.o)
    0x080001b0   0x00000004   Code   RO         8278    .ARM.Collect$$$$00000004  mc_w.l(entry5.o)
    0x080001b4   0x00000000   Code   RO         8280    .ARM.Collect$$$$00000008  mc_w.l(entry7b.o)
    0x080001b4   0x00000000   Code   RO         8282    .ARM.Collect$$$$0000000A  mc_w.l(entry8b.o)
    0x080001b4   0x00000008   Code   RO         8283    .ARM.Collect$$$$0000000B  mc_w.l(entry9a.o)
    0x080001bc   0x00000000   Code   RO         8285    .ARM.Collect$$$$0000000D  mc_w.l(entry10a.o)
    0x080001bc   0x00000000   Code   RO         8287    .ARM.Collect$$$$0000000F  mc_w.l(entry11a.o)
    0x080001bc   0x00000004   Code   RO         8276    .ARM.Collect$$$$00002712  mc_w.l(entry2.o)
    0x080001c0   0x000000ba   Code   RO         3481    .emb_text           port.o
    0x0800027a   0x00000002   PAD
    0x0800027c   0x00000024   Code   RO          152    .text               startup_stm32f427xx.o
    0x080002a0   0x00000070   Code   RO         7670    .text               RMLib.lib(ramp.o)
    0x08000310   0x00000024   Code   RO         7907    .text               mc_w.l(memcpya.o)
    0x08000334   0x00000024   Code   RO         7909    .text               mc_w.l(memseta.o)
    0x08000358   0x00000018   Code   RO         7911    .text               mc_w.l(strncpy.o)
    0x08000370   0x0000000e   Code   RO         7913    .text               mc_w.l(strlen.o)
    0x0800037e   0x0000001c   Code   RO         7915    .text               mc_w.l(strcmp.o)
    0x0800039a   0x00000002   PAD
    0x0800039c   0x00000044   Code   RO         7917    .text               mc_w.l(strtok.o)
    0x080003e0   0x0000014e   Code   RO         8214    .text               mf_w.l(dadd.o)
    0x0800052e   0x000000e4   Code   RO         8216    .text               mf_w.l(dmul.o)
    0x08000612   0x000000de   Code   RO         8218    .text               mf_w.l(ddiv.o)
    0x080006f0   0x0000001c   Code   RO         8220    .text               mf_w.l(ffltul.o)
    0x0800070c   0x00000022   Code   RO         8222    .text               mf_w.l(dflti.o)
    0x0800072e   0x0000001a   Code   RO         8224    .text               mf_w.l(dfltui.o)
    0x08000748   0x0000003e   Code   RO         8226    .text               mf_w.l(dfixi.o)
    0x08000786   0x00000026   Code   RO         8228    .text               mf_w.l(f2d.o)
    0x080007ac   0x00000030   Code   RO         8230    .text               mf_w.l(cdcmple.o)
    0x080007dc   0x00000030   Code   RO         8232    .text               mf_w.l(cdrcmple.o)
    0x0800080c   0x00000038   Code   RO         8234    .text               mf_w.l(d2f.o)
    0x08000844   0x0000002c   Code   RO         8290    .text               mc_w.l(uidiv.o)
    0x08000870   0x00000062   Code   RO         8292    .text               mc_w.l(uldiv.o)
    0x080008d2   0x0000001e   Code   RO         8294    .text               mc_w.l(llshl.o)
    0x080008f0   0x00000020   Code   RO         8296    .text               mc_w.l(llushr.o)
    0x08000910   0x00000024   Code   RO         8298    .text               mc_w.l(llsshr.o)
    0x08000934   0x0000009c   Code   RO         8309    .text               mc_w.l(strtod.o)
    0x080009d0   0x00000000   Code   RO         8311    .text               mc_w.l(iusefp.o)
    0x080009d0   0x0000006e   Code   RO         8312    .text               mf_w.l(fepilogue.o)
    0x08000a3e   0x000000ba   Code   RO         8314    .text               mf_w.l(depilogue.o)
    0x08000af8   0x000000a2   Code   RO         8318    .text               mf_w.l(dsqrt.o)
    0x08000b9a   0x00000030   Code   RO         8320    .text               mf_w.l(dfixul.o)
    0x08000bca   0x00000002   PAD
    0x08000bcc   0x00000024   Code   RO         8322    .text               mc_w.l(init.o)
    0x08000bf0   0x0000000a   Code   RO         8324    .text               mc_w.l(isspace_c.o)
    0x08000bfa   0x00000002   PAD
    0x08000bfc   0x00000338   Code   RO         8326    .text               mc_w.l(scanf_fp.o)
    0x08000f34   0x00000040   Code   RO         8330    .text               mc_w.l(_sgetc.o)
    0x08000f74   0x00000028   Code   RO         8332    .text               mc_w.l(ctype_c.o)
    0x08000f9c   0x00000018   Code   RO         8335    .text               mf_w.l(dfltul.o)
    0x08000fb4   0x00000056   Code   RO         8345    .text               mc_w.l(__dczerorl2.o)
    0x0800100a   0x00000004   Code   RO         6455    i.AM1TxIOPool_getId  drivers_canmotor.o
    0x0800100e   0x00000004   Code   RO         6456    i.AM2TxIOPool_getId  drivers_canmotor.o
    0x08001012   0x00000002   PAD
    0x08001014   0x000001a0   Code   RO         6457    i.AMCanTransmitTask  drivers_canmotor.o
    0x080011b4   0x0000032c   Code   RO         6958    i.AMControlTask     tasks_motor.o
    0x080014e0   0x00000220   Code   RO         7385    i.BulletControlProcess  application_remotecontrol.o
    0x08001700   0x00000002   Code   RO         5704    i.BusFault_Handler  stm32f4xx_it.o
    0x08001702   0x00000002   PAD
    0x08001704   0x0000000c   Code   RO         5705    i.CAN1_RX0_IRQHandler  stm32f4xx_it.o
    0x08001710   0x0000000c   Code   RO         5706    i.CAN1_TX_IRQHandler  stm32f4xx_it.o
    0x0800171c   0x0000000c   Code   RO         5707    i.CAN2_RX0_IRQHandler  stm32f4xx_it.o
    0x08001728   0x0000000c   Code   RO         5708    i.CAN2_TX_IRQHandler  stm32f4xx_it.o
    0x08001734   0x00000104   Code   RO         1776    i.CAN_Receive_IT    stm32f4xx_hal_can.o
    0x08001838   0x00000004   Code   RO         5473    i.CDC_Control_FS    usbd_cdc_if.o
    0x0800183c   0x00000004   Code   RO         5474    i.CDC_DeInit_FS     usbd_cdc_if.o
    0x08001840   0x00000024   Code   RO         5475    i.CDC_Init_FS       usbd_cdc_if.o
    0x08001864   0x00000018   Code   RO         5476    i.CDC_Receive_FS    usbd_cdc_if.o
    0x0800187c   0x000001a8   Code   RO         6468    i.CMGMCanTransmitTask  drivers_canmotor.o
    0x08001a24   0x0000011c   Code   RO         6959    i.CMGMControlTask   tasks_motor.o
    0x08001b40   0x00000004   Code   RO         6469    i.CMTxIOPool_getId  drivers_canmotor.o
    0x08001b44   0x000000b4   Code   RO         6865    i.ComProtocal       userprotocal.o
    0x08001bf8   0x00000090   Code   RO         7054    i.CxfProcessData    tasks_upper.o
    0x08001c88   0x0000000c   Code   RO         5709    i.DMA1_Stream1_IRQHandler  stm32f4xx_it.o
    0x08001c94   0x0000000c   Code   RO         5710    i.DMA2_Stream2_IRQHandler  stm32f4xx_it.o
    0x08001ca0   0x00000028   Code   RO          159    i.DMA_CalcBaseAndBitshift  stm32f4xx_hal_dma.o
    0x08001cc8   0x00000054   Code   RO          160    i.DMA_CheckFifoParam  stm32f4xx_hal_dma.o
    0x08001d1c   0x00000028   Code   RO          161    i.DMA_SetConfig     stm32f4xx_hal_dma.o
    0x08001d44   0x00000002   Code   RO         5711    i.DebugMon_Handler  stm32f4xx_it.o
    0x08001d46   0x00000008   Code   RO         5712    i.EXTI15_10_IRQHandler  stm32f4xx_it.o
    0x08001d4e   0x00000006   Code   RO         5713    i.EXTI1_IRQHandler  stm32f4xx_it.o
    0x08001d54   0x00000006   Code   RO         5714    i.EXTI3_IRQHandler  stm32f4xx_it.o
    0x08001d5a   0x00000002   PAD
    0x08001d5c   0x00000034   Code   RO         5056    i.Error_Handler     main.o
    0x08001d90   0x00000004   Code   RO         6471    i.GMTxIOPool_getId  drivers_canmotor.o
    0x08001d94   0x00000080   Code   RO         7298    i.GetAuxMotorRealAngle  application_auxmotorcontrol.o
    0x08001e14   0x0000000c   Code   RO         7386    i.GetEmergencyFlag  application_remotecontrol.o
    0x08001e20   0x00000058   Code   RO         7389    i.GetRemoteSwitchAction  application_remotecontrol.o
    0x08001e78   0x0000000c   Code   RO         7392    i.GetWorkState      application_remotecontrol.o
    0x08001e84   0x000000f8   Code   RO         1777    i.HAL_CAN_ConfigFilter  stm32f4xx_hal_can.o
    0x08001f7c   0x00000002   Code   RO         1779    i.HAL_CAN_ErrorCallback  stm32f4xx_hal_can.o
    0x08001f7e   0x00000002   PAD
    0x08001f80   0x000001b0   Code   RO         1782    i.HAL_CAN_IRQHandler  stm32f4xx_hal_can.o
    0x08002130   0x00000148   Code   RO         1783    i.HAL_CAN_Init      stm32f4xx_hal_can.o
    0x08002278   0x000000e0   Code   RO         5598    i.HAL_CAN_MspInit   can.o
    0x08002358   0x0000004a   Code   RO         1787    i.HAL_CAN_Receive_IT  stm32f4xx_hal_can.o
    0x080023a2   0x00000002   PAD
    0x080023a4   0x000004e4   Code   RO         6473    i.HAL_CAN_RxCpltCallback  drivers_canmotor.o
    0x08002888   0x000000fe   Code   RO         1791    i.HAL_CAN_Transmit_IT  stm32f4xx_hal_can.o
    0x08002986   0x00000002   PAD
    0x08002988   0x0000002c   Code   RO         6474    i.HAL_CAN_TxCpltCallback  drivers_canmotor.o
    0x080029b4   0x0000008e   Code   RO          162    i.HAL_DMA_Abort     stm32f4xx_hal_dma.o
    0x08002a42   0x00000024   Code   RO          163    i.HAL_DMA_Abort_IT  stm32f4xx_hal_dma.o
    0x08002a66   0x00000002   PAD
    0x08002a68   0x000001a8   Code   RO          167    i.HAL_DMA_IRQHandler  stm32f4xx_hal_dma.o
    0x08002c10   0x000000d4   Code   RO          168    i.HAL_DMA_Init      stm32f4xx_hal_dma.o
    0x08002ce4   0x00000078   Code   RO          172    i.HAL_DMA_Start_IT  stm32f4xx_hal_dma.o
    0x08002d5c   0x0000001c   Code   RO         2625    i.HAL_Delay         stm32f4xx_hal.o
    0x08002d78   0x00000064   Code   RO         6138    i.HAL_GPIO_EXTI_Callback  peripheral_gpio.o
    0x08002ddc   0x00000018   Code   RO         2554    i.HAL_GPIO_EXTI_IRQHandler  stm32f4xx_hal_gpio.o
    0x08002df4   0x000001cc   Code   RO         2555    i.HAL_GPIO_Init     stm32f4xx_hal_gpio.o
    0x08002fc0   0x0000000a   Code   RO         2559    i.HAL_GPIO_WritePin  stm32f4xx_hal_gpio.o
    0x08002fca   0x00000002   PAD
    0x08002fcc   0x0000000c   Code   RO         2633    i.HAL_GetTick       stm32f4xx_hal.o
    0x08002fd8   0x00000052   Code   RO         3414    i.HAL_IWDG_Init     stm32f4xx_hal_iwdg.o
    0x0800302a   0x0000000c   Code   RO         3415    i.HAL_IWDG_Refresh  stm32f4xx_hal_iwdg.o
    0x08003036   0x00000002   PAD
    0x08003038   0x00000010   Code   RO         2635    i.HAL_IncTick       stm32f4xx_hal.o
    0x08003048   0x00000034   Code   RO         2636    i.HAL_Init          stm32f4xx_hal.o
    0x0800307c   0x00000028   Code   RO         2637    i.HAL_InitTick      stm32f4xx_hal.o
    0x080030a4   0x00000058   Code   RO         5888    i.HAL_MspInit       stm32f4xx_hal_msp.o
    0x080030fc   0x0000008e   Code   RO          441    i.HAL_MultiProcessor_Init  stm32f4xx_hal_uart.o
    0x0800318a   0x00000016   Code   RO          274    i.HAL_NVIC_EnableIRQ  stm32f4xx_hal_cortex.o
    0x080031a0   0x00000040   Code   RO          280    i.HAL_NVIC_SetPriority  stm32f4xx_hal_cortex.o
    0x080031e0   0x00000024   Code   RO          281    i.HAL_NVIC_SetPriorityGrouping  stm32f4xx_hal_cortex.o
    0x08003204   0x00000008   Code   RO          404    i.HAL_PCDEx_SetRxFiFo  stm32f4xx_hal_pcd_ex.o
    0x0800320c   0x00000044   Code   RO          405    i.HAL_PCDEx_SetTxFiFo  stm32f4xx_hal_pcd_ex.o
    0x08003250   0x00000008   Code   RO         5140    i.HAL_PCD_ConnectCallback  usbd_conf.o
    0x08003258   0x00000012   Code   RO         5141    i.HAL_PCD_DataInStageCallback  usbd_conf.o
    0x0800326a   0x00000014   Code   RO         5142    i.HAL_PCD_DataOutStageCallback  usbd_conf.o
    0x0800327e   0x00000008   Code   RO         5143    i.HAL_PCD_DisconnectCallback  usbd_conf.o
    0x08003286   0x00000044   Code   RO          930    i.HAL_PCD_EP_Close  stm32f4xx_hal_pcd.o
    0x080032ca   0x00000050   Code   RO          931    i.HAL_PCD_EP_ClrStall  stm32f4xx_hal_pcd.o
    0x0800331a   0x00000014   Code   RO          933    i.HAL_PCD_EP_GetRxCount  stm32f4xx_hal_pcd.o
    0x0800332e   0x00000054   Code   RO          934    i.HAL_PCD_EP_Open   stm32f4xx_hal_pcd.o
    0x08003382   0x00000048   Code   RO          935    i.HAL_PCD_EP_Receive  stm32f4xx_hal_pcd.o
    0x080033ca   0x00000060   Code   RO          936    i.HAL_PCD_EP_SetStall  stm32f4xx_hal_pcd.o
    0x0800342a   0x00000040   Code   RO          937    i.HAL_PCD_EP_Transmit  stm32f4xx_hal_pcd.o
    0x0800346a   0x00000002   PAD
    0x0800346c   0x000004f4   Code   RO          939    i.HAL_PCD_IRQHandler  stm32f4xx_hal_pcd.o
    0x08003960   0x00000008   Code   RO         5144    i.HAL_PCD_ISOINIncompleteCallback  usbd_conf.o
    0x08003968   0x00000008   Code   RO         5145    i.HAL_PCD_ISOOUTIncompleteCallback  usbd_conf.o
    0x08003970   0x000000be   Code   RO          942    i.HAL_PCD_Init      stm32f4xx_hal_pcd.o
    0x08003a2e   0x00000002   PAD
    0x08003a30   0x0000007c   Code   RO         5147    i.HAL_PCD_MspInit   usbd_conf.o
    0x08003aac   0x00000020   Code   RO         5148    i.HAL_PCD_ResetCallback  usbd_conf.o
    0x08003acc   0x00000008   Code   RO         5149    i.HAL_PCD_ResumeCallback  usbd_conf.o
    0x08003ad4   0x00000008   Code   RO         5150    i.HAL_PCD_SOFCallback  usbd_conf.o
    0x08003adc   0x00000024   Code   RO          948    i.HAL_PCD_SetAddress  stm32f4xx_hal_pcd.o
    0x08003b00   0x0000000e   Code   RO         5151    i.HAL_PCD_SetupStageCallback  usbd_conf.o
    0x08003b0e   0x0000002a   Code   RO          950    i.HAL_PCD_Start     stm32f4xx_hal_pcd.o
    0x08003b38   0x00000030   Code   RO         5152    i.HAL_PCD_SuspendCallback  usbd_conf.o
    0x08003b68   0x0000017c   Code   RO         2219    i.HAL_RCC_ClockConfig  stm32f4xx_hal_rcc.o
    0x08003ce4   0x0000000c   Code   RO         2224    i.HAL_RCC_GetHCLKFreq  stm32f4xx_hal_rcc.o
    0x08003cf0   0x00000030   Code   RO         2226    i.HAL_RCC_GetPCLK1Freq  stm32f4xx_hal_rcc.o
    0x08003d20   0x00000030   Code   RO         2227    i.HAL_RCC_GetPCLK2Freq  stm32f4xx_hal_rcc.o
    0x08003d50   0x00000074   Code   RO         2228    i.HAL_RCC_GetSysClockFreq  stm32f4xx_hal_rcc.o
    0x08003dc4   0x00000314   Code   RO         2231    i.HAL_RCC_OscConfig  stm32f4xx_hal_rcc.o
    0x080040d8   0x00000080   Code   RO         1912    i.HAL_SPI_Init      stm32f4xx_hal_spi.o
    0x08004158   0x0000004c   Code   RO         5913    i.HAL_SPI_MspInit   spi.o
    0x080041a4   0x00000150   Code   RO         1915    i.HAL_SPI_Receive   stm32f4xx_hal_spi.o
    0x080042f4   0x00000168   Code   RO         1920    i.HAL_SPI_Transmit  stm32f4xx_hal_spi.o
    0x0800445c   0x000001d8   Code   RO         1921    i.HAL_SPI_TransmitReceive  stm32f4xx_hal_spi.o
    0x08004634   0x00000018   Code   RO          283    i.HAL_SYSTICK_CLKSourceConfig  stm32f4xx_hal_cortex.o
    0x0800464c   0x00000028   Code   RO          285    i.HAL_SYSTICK_Config  stm32f4xx_hal_cortex.o
    0x08004674   0x00000002   Code   RO         1437    i.HAL_TIMEx_BreakCallback  stm32f4xx_hal_tim_ex.o
    0x08004676   0x00000002   Code   RO         1438    i.HAL_TIMEx_CommutationCallback  stm32f4xx_hal_tim_ex.o
    0x08004678   0x0000005a   Code   RO         1439    i.HAL_TIMEx_ConfigBreakDeadTime  stm32f4xx_hal_tim_ex.o
    0x080046d2   0x00000050   Code   RO         1454    i.HAL_TIMEx_MasterConfigSynchronization  stm32f4xx_hal_tim_ex.o
    0x08004722   0x00000036   Code   RO         2785    i.HAL_TIM_Base_Init  stm32f4xx_hal_tim.o
    0x08004758   0x000000c8   Code   RO         5330    i.HAL_TIM_Base_MspInit  tim.o
    0x08004820   0x00000018   Code   RO         2790    i.HAL_TIM_Base_Start_IT  stm32f4xx_hal_tim.o
    0x08004838   0x000000f2   Code   RO         2794    i.HAL_TIM_ConfigClockSource  stm32f4xx_hal_tim.o
    0x0800492a   0x00000002   Code   RO         2814    i.HAL_TIM_IC_CaptureCallback  stm32f4xx_hal_tim.o
    0x0800492c   0x00000166   Code   RO         2827    i.HAL_TIM_IRQHandler  stm32f4xx_hal_tim.o
    0x08004a92   0x00000002   PAD
    0x08004a94   0x000000e4   Code   RO         5331    i.HAL_TIM_MspPostInit  tim.o
    0x08004b78   0x00000002   Code   RO         2830    i.HAL_TIM_OC_DelayElapsedCallback  stm32f4xx_hal_tim.o
    0x08004b7a   0x000000d0   Code   RO         2851    i.HAL_TIM_PWM_ConfigChannel  stm32f4xx_hal_tim.o
    0x08004c4a   0x00000036   Code   RO         2854    i.HAL_TIM_PWM_Init  stm32f4xx_hal_tim.o
    0x08004c80   0x00000002   Code   RO         2856    i.HAL_TIM_PWM_MspInit  stm32f4xx_hal_tim.o
    0x08004c82   0x00000002   Code   RO         2857    i.HAL_TIM_PWM_PulseFinishedCallback  stm32f4xx_hal_tim.o
    0x08004c84   0x00000038   Code   RO         2858    i.HAL_TIM_PWM_Start  stm32f4xx_hal_tim.o
    0x08004cbc   0x00000024   Code   RO         6217    i.HAL_TIM_PeriodElapsedCallback  utilities_tim.o
    0x08004ce0   0x00000002   Code   RO         2868    i.HAL_TIM_TriggerCallback  stm32f4xx_hal_tim.o
    0x08004ce2   0x00000044   Code   RO          444    i.HAL_UART_AbortReceive  stm32f4xx_hal_uart.o
    0x08004d26   0x00000058   Code   RO          453    i.HAL_UART_DMAStop  stm32f4xx_hal_uart.o
    0x08004d7e   0x00000002   Code   RO          455    i.HAL_UART_ErrorCallback  stm32f4xx_hal_uart.o
    0x08004d80   0x00000110   Code   RO          458    i.HAL_UART_IRQHandler  stm32f4xx_hal_uart.o
    0x08004e90   0x00000062   Code   RO          459    i.HAL_UART_Init     stm32f4xx_hal_uart.o
    0x08004ef2   0x00000002   PAD
    0x08004ef4   0x00000194   Code   RO         5414    i.HAL_UART_MspInit  usart.o
    0x08005088   0x00000098   Code   RO          463    i.HAL_UART_Receive_DMA  stm32f4xx_hal_uart.o
    0x08005120   0x00000048   Code   RO          464    i.HAL_UART_Receive_IT  stm32f4xx_hal_uart.o
    0x08005168   0x00000064   Code   RO         6650    i.HAL_UART_RxCpltCallback  drivers_uart.o
    0x080051cc   0x00000002   Code   RO          466    i.HAL_UART_RxHalfCpltCallback  stm32f4xx_hal_uart.o
    0x080051ce   0x000000ba   Code   RO          467    i.HAL_UART_Transmit  stm32f4xx_hal_uart.o
    0x08005288   0x00000002   Code   RO          470    i.HAL_UART_TxCpltCallback  stm32f4xx_hal_uart.o
    0x0800528a   0x00000002   Code   RO         5715    i.HardFault_Handler  stm32f4xx_it.o
    0x0800528c   0x00000070   Code   RO         7572    i.HeroForceLift     tasks_hero.o
    0x080052fc   0x00000070   Code   RO         7573    i.HeroForceStretch  tasks_hero.o
    0x0800536c   0x00000048   Code   RO         7393    i.HeroModeSwitch    application_remotecontrol.o
    0x080053b4   0x00000038   Code   RO         7394    i.HeroRemoteGetBulletFrictionControl  application_remotecontrol.o
    0x080053ec   0x0000004c   Code   RO         7574    i.HeroTask          tasks_hero.o
    0x08005438   0x00000168   Code   RO         7575    i.Hero_Auto_Get_Bullet  tasks_hero.o
    0x080055a0   0x000001b0   Code   RO         7576    i.Hero_Lift         tasks_hero.o
    0x08005750   0x00000060   Code   RO         7577    i.Hero_Prepare_Get_Bullet  tasks_hero.o
    0x080057b0   0x00000060   Code   RO         7578    i.Hero_Recover      tasks_hero.o
    0x08005810   0x00000048   Code   RO         7579    i.Hero_Shoot_1      tasks_hero.o
    0x08005858   0x0000005c   Code   RO         7580    i.Hero_Shoot_4      tasks_hero.o
    0x080058b4   0x00000050   Code   RO         7581    i.Hero_Stop_Auto_Get_Bullet  tasks_hero.o
    0x08005904   0x000000f8   Code   RO         7582    i.Hero_Strech_and_Lift  tasks_hero.o
    0x080059fc   0x000001d0   Code   RO         7583    i.Hero_Stretch      tasks_hero.o
    0x08005bcc   0x00000100   Code   RO         6289    i.IST8310_Init      drivers_imu.o
    0x08005ccc   0x00000040   Code   RO         6290    i.IST_Reg_Read_By_MPU  drivers_imu.o
    0x08005d0c   0x00000042   Code   RO         6291    i.IST_Reg_Write_By_MPU  drivers_imu.o
    0x08005d4e   0x00000002   PAD
    0x08005d50   0x00000024   Code   RO         6889    i.InitJudgeUart     drivers_uartjudge.o
    0x08005d74   0x00000050   Code   RO         6292    i.MPU6500_Init      drivers_imu.o
    0x08005dc4   0x00000050   Code   RO         6293    i.MPU6500_Read_Reg  drivers_imu.o
    0x08005e14   0x00000054   Code   RO         6297    i.MPU6500_Write_Reg  drivers_imu.o
    0x08005e68   0x0000008e   Code   RO         6298    i.MPU_Auto_Read_IST_config  drivers_imu.o
    0x08005ef6   0x00000002   PAD
    0x08005ef8   0x00000044   Code   RO         5599    i.MX_CAN1_Init      can.o
    0x08005f3c   0x00000044   Code   RO         5600    i.MX_CAN2_Init      can.o
    0x08005f80   0x0000003c   Code   RO         5864    i.MX_DMA_Init       dma.o
    0x08005fbc   0x0000003c   Code   RO         5011    i.MX_FREERTOS_Init  freertos.o
    0x08005ff8   0x0000022c   Code   RO         5646    i.MX_GPIO_Init      gpio.o
    0x08006224   0x0000002c   Code   RO         5954    i.MX_IWDG_Init      iwdg.o
    0x08006250   0x00000048   Code   RO         5914    i.MX_SPI5_Init      spi.o
    0x08006298   0x00000084   Code   RO         5332    i.MX_TIM12_Init     tim.o
    0x0800631c   0x000000ac   Code   RO         5333    i.MX_TIM2_Init      tim.o
    0x080063c8   0x00000084   Code   RO         5334    i.MX_TIM3_Init      tim.o
    0x0800644c   0x000000a8   Code   RO         5335    i.MX_TIM4_Init      tim.o
    0x080064f4   0x0000009c   Code   RO         5336    i.MX_TIM5_Init      tim.o
    0x08006590   0x00000040   Code   RO         5337    i.MX_TIM6_Init      tim.o
    0x080065d0   0x000000d8   Code   RO         5338    i.MX_TIM8_Init      tim.o
    0x080066a8   0x00000044   Code   RO         5415    i.MX_USART1_UART_Init  usart.o
    0x080066ec   0x0000003c   Code   RO         5416    i.MX_USART2_UART_Init  usart.o
    0x08006728   0x0000003c   Code   RO         5417    i.MX_USART3_UART_Init  usart.o
    0x08006764   0x0000003c   Code   RO         5418    i.MX_USART6_UART_Init  usart.o
    0x080067a0   0x00000038   Code   RO         5670    i.MX_USB_DEVICE_Init  usb_device.o
    0x080067d8   0x00000002   Code   RO         5716    i.MemManage_Handler  stm32f4xx_it.o
    0x080067da   0x00000002   PAD
    0x080067dc   0x000001d0   Code   RO         7395    i.MouseKeyControlProcess  application_remotecontrol.o
    0x080069ac   0x00000130   Code   RO         7396    i.MouseShootControl  application_remotecontrol.o
    0x08006adc   0x00000002   Code   RO         5717    i.NMI_Handler       stm32f4xx_it.o
    0x08006ade   0x00000020   Code   RO          287    i.NVIC_SetPriority  stm32f4xx_hal_cortex.o
    0x08006afe   0x00000002   PAD
    0x08006b00   0x0000000c   Code   RO         5718    i.OTG_FS_IRQHandler  stm32f4xx_it.o
    0x08006b0c   0x00000088   Code   RO          953    i.PCD_WriteEmptyTxFifo  stm32f4xx_hal_pcd.o
    0x08006b94   0x000000fe   Code   RO         7033    i.PID_Calc          application_pidfunc.o
    0x08006c92   0x00000002   Code   RO         7034    i.PID_Reset         application_pidfunc.o
    0x08006c94   0x00000060   Code   RO         7397    i.RCProcess         application_remotecontrol.o
    0x08006cf4   0x0000017c   Code   RO         7398    i.RemoteControlProcess  application_remotecontrol.o
    0x08006e70   0x0000010c   Code   RO         7399    i.RemoteShootControl  application_remotecontrol.o
    0x08006f7c   0x00000090   Code   RO         7400    i.RemoteTaskInit    application_remotecontrol.o
    0x0800700c   0x00000020   Code   RO         1936    i.SPI_CheckFlag_BSY  stm32f4xx_hal_spi.o
    0x0800702c   0x00000096   Code   RO         1954    i.SPI_WaitFlagStateUntilTimeout  stm32f4xx_hal_spi.o
    0x080070c2   0x00000002   PAD
    0x080070c4   0x00000010   Code   RO         7403    i.SetFrictionWheelSpeed  application_remotecontrol.o
    0x080070d4   0x00000024   Code   RO         7404    i.SetInputMode      application_remotecontrol.o
    0x080070f8   0x0000000c   Code   RO         7406    i.SetShootState     application_remotecontrol.o
    0x08007104   0x00000068   Code   RO         6960    i.ShootOnce         tasks_motor.o
    0x0800716c   0x00000018   Code   RO         7407    i.StartBulletFrictionWheel  application_remotecontrol.o
    0x08007184   0x0000000c   Code   RO         5012    i.StartDefaultTask  freertos.o
    0x08007190   0x00000018   Code   RO         7408    i.StopBulletFrictionWheel  application_remotecontrol.o
    0x080071a8   0x00000190   Code   RO         7584    i.Stuck_Process     tasks_hero.o
    0x08007338   0x0000000e   Code   RO         5719    i.SysTick_Handler   stm32f4xx_it.o
    0x08007346   0x00000002   PAD
    0x08007348   0x000000a4   Code   RO         5057    i.SystemClock_Config  main.o
    0x080073ec   0x00000054   Code   RO            5    i.SystemInit        system_stm32f4xx.o
    0x08007440   0x0000000c   Code   RO         5720    i.TIM6_DAC_IRQHandler  stm32f4xx_it.o
    0x0800744c   0x000000c0   Code   RO         2869    i.TIM_Base_SetConfig  stm32f4xx_hal_tim.o
    0x0800750c   0x00000016   Code   RO         2870    i.TIM_CCxChannelCmd  stm32f4xx_hal_tim.o
    0x08007522   0x00000014   Code   RO         2876    i.TIM_ETR_SetConfig  stm32f4xx_hal_tim.o
    0x08007536   0x00000010   Code   RO         2877    i.TIM_ITRx_SetConfig  stm32f4xx_hal_tim.o
    0x08007546   0x00000002   PAD
    0x08007548   0x00000058   Code   RO         2878    i.TIM_OC1_SetConfig  stm32f4xx_hal_tim.o
    0x080075a0   0x00000064   Code   RO         2879    i.TIM_OC2_SetConfig  stm32f4xx_hal_tim.o
    0x08007604   0x00000060   Code   RO         2880    i.TIM_OC3_SetConfig  stm32f4xx_hal_tim.o
    0x08007664   0x00000050   Code   RO         2881    i.TIM_OC4_SetConfig  stm32f4xx_hal_tim.o
    0x080076b4   0x00000022   Code   RO         2883    i.TIM_TI1_ConfigInputStage  stm32f4xx_hal_tim.o
    0x080076d6   0x00000024   Code   RO         2885    i.TIM_TI2_ConfigInputStage  stm32f4xx_hal_tim.o
    0x080076fa   0x00000002   PAD
    0x080076fc   0x00000040   Code   RO         7409    i.Timer_1ms_lTask   application_remotecontrol.o
    0x0800773c   0x00000010   Code   RO          472    i.UART_DMAAbortOnError  stm32f4xx_hal_uart.o
    0x0800774c   0x0000004a   Code   RO          473    i.UART_DMAError     stm32f4xx_hal_uart.o
    0x08007796   0x0000003c   Code   RO          474    i.UART_DMAReceiveCplt  stm32f4xx_hal_uart.o
    0x080077d2   0x0000000a   Code   RO          476    i.UART_DMARxHalfCplt  stm32f4xx_hal_uart.o
    0x080077dc   0x0000001c   Code   RO          482    i.UART_EndRxTransfer  stm32f4xx_hal_uart.o
    0x080077f8   0x00000012   Code   RO          483    i.UART_EndTxTransfer  stm32f4xx_hal_uart.o
    0x0800780a   0x0000008c   Code   RO          484    i.UART_Receive_IT   stm32f4xx_hal_uart.o
    0x08007896   0x00000002   PAD
    0x08007898   0x000002ac   Code   RO          485    i.UART_SetConfig    stm32f4xx_hal_uart.o
    0x08007b44   0x00000062   Code   RO          486    i.UART_Transmit_IT  stm32f4xx_hal_uart.o
    0x08007ba6   0x00000064   Code   RO          487    i.UART_WaitOnFlagUntilTimeout  stm32f4xx_hal_uart.o
    0x08007c0a   0x00000002   PAD
    0x08007c0c   0x00000014   Code   RO         5721    i.USART1_IRQHandler  stm32f4xx_it.o
    0x08007c20   0x0000000c   Code   RO         5722    i.USART2_IRQHandler  stm32f4xx_it.o
    0x08007c2c   0x0000000c   Code   RO         5723    i.USART3_IRQHandler  stm32f4xx_it.o
    0x08007c38   0x0000000c   Code   RO         5724    i.USART6_IRQHandler  stm32f4xx_it.o
    0x08007c44   0x00000014   Code   RO         4777    i.USBD_CDC_DataIn   usbd_cdc.o
    0x08007c58   0x0000002e   Code   RO         4778    i.USBD_CDC_DataOut  usbd_cdc.o
    0x08007c86   0x0000003c   Code   RO         4779    i.USBD_CDC_DeInit   usbd_cdc.o
    0x08007cc2   0x00000024   Code   RO         4780    i.USBD_CDC_EP0_RxReady  usbd_cdc.o
    0x08007ce6   0x00000002   PAD
    0x08007ce8   0x0000000c   Code   RO         4781    i.USBD_CDC_GetDeviceQualifierDescriptor  usbd_cdc.o
    0x08007cf4   0x0000000c   Code   RO         4782    i.USBD_CDC_GetFSCfgDesc  usbd_cdc.o
    0x08007d00   0x0000000c   Code   RO         4783    i.USBD_CDC_GetHSCfgDesc  usbd_cdc.o
    0x08007d0c   0x0000000c   Code   RO         4784    i.USBD_CDC_GetOtherSpeedCfgDesc  usbd_cdc.o
    0x08007d18   0x00000088   Code   RO         4785    i.USBD_CDC_Init     usbd_cdc.o
    0x08007da0   0x00000028   Code   RO         4786    i.USBD_CDC_ReceivePacket  usbd_cdc.o
    0x08007dc8   0x00000010   Code   RO         4787    i.USBD_CDC_RegisterInterface  usbd_cdc.o
    0x08007dd8   0x0000000c   Code   RO         4788    i.USBD_CDC_SetRxBuffer  usbd_cdc.o
    0x08007de4   0x00000010   Code   RO         4789    i.USBD_CDC_SetTxBuffer  usbd_cdc.o
    0x08007df4   0x00000070   Code   RO         4790    i.USBD_CDC_Setup    usbd_cdc.o
    0x08007e64   0x0000000e   Code   RO         4618    i.USBD_ClrClassConfig  usbd_core.o
    0x08007e72   0x00000010   Code   RO         4887    i.USBD_CtlContinueRx  usbd_ioreq.o
    0x08007e82   0x00000010   Code   RO         4888    i.USBD_CtlContinueSendData  usbd_ioreq.o
    0x08007e92   0x00000016   Code   RO         4947    i.USBD_CtlError     usbd_ctlreq.o
    0x08007ea8   0x0000001e   Code   RO         4889    i.USBD_CtlPrepareRx  usbd_ioreq.o
    0x08007ec6   0x00000016   Code   RO         4890    i.USBD_CtlReceiveStatus  usbd_ioreq.o
    0x08007edc   0x0000001a   Code   RO         4891    i.USBD_CtlSendData  usbd_ioreq.o
    0x08007ef6   0x00000016   Code   RO         4892    i.USBD_CtlSendStatus  usbd_ioreq.o
    0x08007f0c   0x00000020   Code   RO         5529    i.USBD_FS_ConfigStrDescriptor  usbd_desc.o
    0x08007f2c   0x0000000c   Code   RO         5530    i.USBD_FS_DeviceDescriptor  usbd_desc.o
    0x08007f38   0x00000024   Code   RO         5531    i.USBD_FS_InterfaceStrDescriptor  usbd_desc.o
    0x08007f5c   0x0000000c   Code   RO         5532    i.USBD_FS_LangIDStrDescriptor  usbd_desc.o
    0x08007f68   0x00000028   Code   RO         5533    i.USBD_FS_ManufacturerStrDescriptor  usbd_desc.o
    0x08007f90   0x0000002c   Code   RO         5534    i.USBD_FS_ProductStrDescriptor  usbd_desc.o
    0x08007fbc   0x00000024   Code   RO         5535    i.USBD_FS_SerialStrDescriptor  usbd_desc.o
    0x08007fe0   0x000000e0   Code   RO         4948    i.USBD_GetDescriptor  usbd_ctlreq.o
    0x080080c0   0x00000046   Code   RO         4949    i.USBD_GetString    usbd_ctlreq.o
    0x08008106   0x0000002a   Code   RO         4620    i.USBD_Init         usbd_core.o
    0x08008130   0x00000020   Code   RO         5153    i.USBD_LL_ClearStallEP  usbd_conf.o
    0x08008150   0x00000020   Code   RO         5154    i.USBD_LL_CloseEP   usbd_conf.o
    0x08008170   0x000000aa   Code   RO         4621    i.USBD_LL_DataInStage  usbd_core.o
    0x0800821a   0x0000006a   Code   RO         4622    i.USBD_LL_DataOutStage  usbd_core.o
    0x08008284   0x00000004   Code   RO         4623    i.USBD_LL_DevConnected  usbd_core.o
    0x08008288   0x00000016   Code   RO         4624    i.USBD_LL_DevDisconnected  usbd_core.o
    0x0800829e   0x00000008   Code   RO         5158    i.USBD_LL_GetRxDataSize  usbd_conf.o
    0x080082a6   0x00000002   PAD
    0x080082a8   0x00000060   Code   RO         5159    i.USBD_LL_Init      usbd_conf.o
    0x08008308   0x00000020   Code   RO         5160    i.USBD_LL_IsStallEP  usbd_conf.o
    0x08008328   0x00000004   Code   RO         4625    i.USBD_LL_IsoINIncomplete  usbd_core.o
    0x0800832c   0x00000004   Code   RO         4626    i.USBD_LL_IsoOUTIncomplete  usbd_core.o
    0x08008330   0x00000026   Code   RO         5161    i.USBD_LL_OpenEP    usbd_conf.o
    0x08008356   0x00000020   Code   RO         5162    i.USBD_LL_PrepareReceive  usbd_conf.o
    0x08008376   0x0000003e   Code   RO         4627    i.USBD_LL_Reset     usbd_core.o
    0x080083b4   0x0000000c   Code   RO         4628    i.USBD_LL_Resume    usbd_core.o
    0x080083c0   0x00000018   Code   RO         4629    i.USBD_LL_SOF       usbd_core.o
    0x080083d8   0x00000006   Code   RO         4630    i.USBD_LL_SetSpeed  usbd_core.o
    0x080083de   0x00000020   Code   RO         5163    i.USBD_LL_SetUSBAddress  usbd_conf.o
    0x080083fe   0x0000005a   Code   RO         4631    i.USBD_LL_SetupStage  usbd_core.o
    0x08008458   0x00000020   Code   RO         5164    i.USBD_LL_StallEP   usbd_conf.o
    0x08008478   0x00000020   Code   RO         5165    i.USBD_LL_Start     usbd_conf.o
    0x08008498   0x00000012   Code   RO         4632    i.USBD_LL_Suspend   usbd_core.o
    0x080084aa   0x00000020   Code   RO         5167    i.USBD_LL_Transmit  usbd_conf.o
    0x080084ca   0x00000028   Code   RO         4950    i.USBD_ParseSetupRequest  usbd_ctlreq.o
    0x080084f2   0x00000010   Code   RO         4633    i.USBD_RegisterClass  usbd_core.o
    0x08008502   0x00000016   Code   RO         4635    i.USBD_SetClassConfig  usbd_core.o
    0x08008518   0x00000074   Code   RO         4951    i.USBD_SetConfig    usbd_ctlreq.o
    0x0800858c   0x0000000a   Code   RO         4636    i.USBD_Start        usbd_core.o
    0x08008596   0x000000f2   Code   RO         4952    i.USBD_StdDevReq    usbd_ctlreq.o
    0x08008688   0x000000dc   Code   RO         4953    i.USBD_StdEPReq     usbd_ctlreq.o
    0x08008764   0x00000034   Code   RO         4954    i.USBD_StdItfReq    usbd_ctlreq.o
    0x08008798   0x00000080   Code   RO         1155    i.USB_ActivateEndpoint  stm32f4xx_ll_usb.o
    0x08008818   0x00000034   Code   RO         1156    i.USB_ActivateSetup  stm32f4xx_ll_usb.o
    0x0800884c   0x0000006c   Code   RO         1158    i.USB_CoreInit      stm32f4xx_ll_usb.o
    0x080088b8   0x00000038   Code   RO         1159    i.USB_CoreReset     stm32f4xx_ll_usb.o
    0x080088f0   0x000000c8   Code   RO         1161    i.USB_DeactivateEndpoint  stm32f4xx_ll_usb.o
    0x080089b8   0x00000018   Code   RO         1162    i.USB_DevConnect    stm32f4xx_ll_usb.o
    0x080089d0   0x00000018   Code   RO         1163    i.USB_DevDisconnect  stm32f4xx_ll_usb.o
    0x080089e8   0x00000140   Code   RO         1164    i.USB_DevInit       stm32f4xx_ll_usb.o
    0x08008b28   0x0000000c   Code   RO         1165    i.USB_DisableGlobalInt  stm32f4xx_ll_usb.o
    0x08008b34   0x00000140   Code   RO         1168    i.USB_EP0StartXfer  stm32f4xx_ll_usb.o
    0x08008c74   0x0000003e   Code   RO         1169    i.USB_EP0_OutStart  stm32f4xx_ll_usb.o
    0x08008cb2   0x00000064   Code   RO         1170    i.USB_EPClearStall  stm32f4xx_ll_usb.o
    0x08008d16   0x0000005e   Code   RO         1171    i.USB_EPSetStall    stm32f4xx_ll_usb.o
    0x08008d74   0x0000021c   Code   RO         1172    i.USB_EPStartXfer   stm32f4xx_ll_usb.o
    0x08008f90   0x0000000c   Code   RO         1173    i.USB_EnableGlobalInt  stm32f4xx_ll_usb.o
    0x08008f9c   0x00000020   Code   RO         1174    i.USB_FlushRxFifo   stm32f4xx_ll_usb.o
    0x08008fbc   0x00000024   Code   RO         1175    i.USB_FlushTxFifo   stm32f4xx_ll_usb.o
    0x08008fe0   0x0000003c   Code   RO         1177    i.USB_GetDevSpeed   stm32f4xx_ll_usb.o
    0x0800901c   0x00000008   Code   RO         1179    i.USB_GetMode       stm32f4xx_ll_usb.o
    0x08009024   0x0000000e   Code   RO         1186    i.USB_ReadDevAllInEpInterrupt  stm32f4xx_ll_usb.o
    0x08009032   0x0000000e   Code   RO         1187    i.USB_ReadDevAllOutEpInterrupt  stm32f4xx_ll_usb.o
    0x08009040   0x0000001e   Code   RO         1188    i.USB_ReadDevInEPInterrupt  stm32f4xx_ll_usb.o
    0x0800905e   0x00000010   Code   RO         1189    i.USB_ReadDevOutEPInterrupt  stm32f4xx_ll_usb.o
    0x0800906e   0x00000008   Code   RO         1190    i.USB_ReadInterrupts  stm32f4xx_ll_usb.o
    0x08009076   0x00000020   Code   RO         1191    i.USB_ReadPacket    stm32f4xx_ll_usb.o
    0x08009096   0x0000002c   Code   RO         1193    i.USB_SetCurrentMode  stm32f4xx_ll_usb.o
    0x080090c2   0x00000022   Code   RO         1194    i.USB_SetDevAddress  stm32f4xx_ll_usb.o
    0x080090e4   0x00000028   Code   RO         1198    i.USB_WritePacket   stm32f4xx_ll_usb.o
    0x0800910c   0x00000002   Code   RO         5725    i.UsageFault_Handler  stm32f4xx_it.o
    0x0800910e   0x00000002   PAD
    0x08009110   0x00000038   Code   RO         7410    i.WorkStateFSM      application_remotecontrol.o
    0x08009148   0x00000034   Code   RO         7411    i.WorkStateSwitchProcess  application_remotecontrol.o
    0x0800917c   0x00000020   Code   RO         8158    i.__0printf         mc_w.l(printfa.o)
    0x0800919c   0x00000028   Code   RO         8160    i.__0sprintf        mc_w.l(printfa.o)
    0x080091c4   0x00000030   Code   RO         8270    i.__ARM_fpclassify  m_wm.l(fpclassify.o)
    0x080091f4   0x00000004   PAD
    0x080091f8   0x00000360   Code   RO         7860    i.__hardfp_asin     m_wm.l(asin.o)
    0x08009558   0x000002d8   Code   RO         8236    i.__hardfp_atan     m_wm.l(atan.o)
    0x08009830   0x000001f0   Code   RO         7874    i.__hardfp_atan2    m_wm.l(atan2.o)
    0x08009a20   0x00000038   Code   RO         7886    i.__hardfp_atof     m_wm.l(atof.o)
    0x08009a58   0x0000007a   Code   RO         7892    i.__hardfp_sqrt     m_wm.l(sqrt.o)
    0x08009ad2   0x000000f8   Code   RO         8272    i.__kernel_poly     m_wm.l(poly.o)
    0x08009bca   0x00000014   Code   RO         8251    i.__mathlib_dbl_infnan  m_wm.l(dunder.o)
    0x08009bde   0x00000014   Code   RO         8252    i.__mathlib_dbl_infnan2  m_wm.l(dunder.o)
    0x08009bf2   0x00000006   PAD
    0x08009bf8   0x00000020   Code   RO         8253    i.__mathlib_dbl_invalid  m_wm.l(dunder.o)
    0x08009c18   0x00000020   Code   RO         8256    i.__mathlib_dbl_underflow  m_wm.l(dunder.o)
    0x08009c38   0x0000000c   Code   RO         8303    i.__read_errno      mc_w.l(errno.o)
    0x08009c44   0x0000000e   Code   RO         8339    i.__scatterload_copy  mc_w.l(handlers.o)
    0x08009c52   0x00000002   Code   RO         8340    i.__scatterload_null  mc_w.l(handlers.o)
    0x08009c54   0x0000000e   Code   RO         8341    i.__scatterload_zeroinit  mc_w.l(handlers.o)
    0x08009c62   0x00000002   PAD
    0x08009c64   0x0000000c   Code   RO         8304    i.__set_errno       mc_w.l(errno.o)
    0x08009c70   0x00000164   Code   RO         8165    i._fp_digits        mc_w.l(printfa.o)
    0x08009dd4   0x0000000e   Code   RO         8328    i._is_digit         mc_w.l(scanf_fp.o)
    0x08009de2   0x00000002   PAD
    0x08009de4   0x000006dc   Code   RO         8166    i._printf_core      mc_w.l(printfa.o)
    0x0800a4c0   0x00000024   Code   RO         8167    i._printf_post_padding  mc_w.l(printfa.o)
    0x0800a4e4   0x0000002e   Code   RO         8168    i._printf_pre_padding  mc_w.l(printfa.o)
    0x0800a512   0x0000000a   Code   RO         8170    i._sputc            mc_w.l(printfa.o)
    0x0800a51c   0x00000010   Code   RO         8238    i.atan              m_wm.l(atan.o)
    0x0800a52c   0x00000024   Code   RO         6738    i.ctrlUartInit      drivers_uartupper.o
    0x0800a550   0x00000020   Code   RO         6739    i.ctrlUartRxCpltCallback  drivers_uartupper.o
    0x0800a570   0x00000018   Code   RO         8266    i.fabs              m_wm.l(fabs.o)
    0x0800a588   0x00000018   Code   RO         6178    i.fputc             utilities_debug.o
    0x0800a5a0   0x00000050   Code   RO         8186    i.free              mc_w.l(malloc.o)
    0x0800a5f0   0x0000001c   Code   RO         6218    i.fw_getTimeMicros  utilities_tim.o
    0x0800a60c   0x00000040   Code   RO         6219    i.fw_userTimeEnable  utilities_tim.o
    0x0800a64c   0x00000020   Code   RO         7055    i.getCtrlUartTask   tasks_upper.o
    0x0800a66c   0x00000064   Code   RO         6202    i.getReadPoolIndexPrototype  utilities_iopool.o
    0x0800a6d0   0x0000000c   Code   RO         3560    i.inHandlerMode     cmsis_os.o
    0x0800a6dc   0x0000002c   Code   RO         7218    i.invSqrt           task_quaternion.o
    0x0800a708   0x00000068   Code   RO         6891    i.judgeUartRxCpltCallback  drivers_uartjudge.o
    0x0800a770   0x0000005c   Code   RO         6255    i.ledGreenTask      drivers_led.o
    0x0800a7cc   0x0000004c   Code   RO         6256    i.ledRedTask        drivers_led.o
    0x0800a818   0x00000064   Code   RO         5058    i.main              main.o
    0x0800a87c   0x0000000c   Code   RO         3562    i.makeFreeRtosPriority  cmsis_os.o
    0x0800a888   0x0000006c   Code   RO         8187    i.malloc            mc_w.l(malloc.o)
    0x0800a8f4   0x000000d0   Code   RO         6476    i.motorInit         drivers_canmotor.o
    0x0800a9c4   0x0000000e   Code   RO         3564    i.osDelay           cmsis_os.o
    0x0800a9d2   0x0000000a   Code   RO         3567    i.osKernelStart     cmsis_os.o
    0x0800a9dc   0x00000026   Code   RO         3593    i.osSemaphoreCreate  cmsis_os.o
    0x0800aa02   0x00000002   PAD
    0x0800aa04   0x00000050   Code   RO         3596    i.osSemaphoreRelease  cmsis_os.o
    0x0800aa54   0x00000068   Code   RO         3597    i.osSemaphoreWait   cmsis_os.o
    0x0800aabc   0x00000014   Code   RO         3600    i.osSystickHandler  cmsis_os.o
    0x0800aad0   0x0000002e   Code   RO         3601    i.osThreadCreate    cmsis_os.o
    0x0800aafe   0x00000002   PAD
    0x0800ab00   0x00000144   Code   RO         6299    i.printIMUTask      drivers_imu.o
    0x0800ac44   0x00000070   Code   RO         4302    i.prvAddCurrentTaskToDelayedList  tasks.o
    0x0800acb4   0x000000d0   Code   RO         4303    i.prvAddNewTaskToReadyList  tasks.o
    0x0800ad84   0x00000050   Code   RO         4304    i.prvCheckTasksWaitingTermination  tasks.o
    0x0800add4   0x00000026   Code   RO         4046    i.prvCopyDataFromQueue  queue.o
    0x0800adfa   0x0000006c   Code   RO         4047    i.prvCopyDataToQueue  queue.o
    0x0800ae66   0x00000014   Code   RO         4305    i.prvDeleteTCB      tasks.o
    0x0800ae7a   0x00000002   PAD
    0x0800ae7c   0x00000048   Code   RO         4239    i.prvHeapInit       heap_4.o
    0x0800aec4   0x00000028   Code   RO         4306    i.prvIdleTask       tasks.o
    0x0800aeec   0x0000009c   Code   RO         4307    i.prvInitialiseNewTask  tasks.o
    0x0800af88   0x0000004c   Code   RO         4240    i.prvInsertBlockIntoFreeList  heap_4.o
    0x0800afd4   0x0000001c   Code   RO         4048    i.prvIsQueueEmpty   queue.o
    0x0800aff0   0x00000020   Code   RO         4309    i.prvResetNextTaskUnblockTime  tasks.o
    0x0800b010   0x00000028   Code   RO         3482    i.prvTaskExitError  port.o
    0x0800b038   0x0000006a   Code   RO         4049    i.prvUnlockQueue    queue.o
    0x0800b0a2   0x00000002   PAD
    0x0800b0a4   0x000000d8   Code   RO         4241    i.pvPortMalloc      heap_4.o
    0x0800b17c   0x00000018   Code   RO         4311    i.pvTaskIncrementMutexHeldCount  tasks.o
    0x0800b194   0x0000002c   Code   RO         3483    i.pxPortInitialiseStack  port.o
    0x0800b1c0   0x00000028   Code   RO         6680    i.rcInit            drivers_uartrc.o
    0x0800b1e8   0x00000160   Code   RO         6682    i.rcUartRxCpltCallback  drivers_uartrc.o
    0x0800b348   0x00000094   Code   RO         6048    i.rtos_addSemaphores  rtos_semaphore.o
    0x0800b3dc   0x00000104   Code   RO         6074    i.rtos_addThreads   rtos_task.o
    0x0800b4e0   0x0000003c   Code   RO         5983    i.rtos_init         rtos_init.o
    0x0800b51c   0x000000a8   Code   RO         7300    i.setAux1WithSpeed  application_auxmotorcontrol.o
    0x0800b5c4   0x000000a8   Code   RO         7302    i.setAux2WithSpeed  application_auxmotorcontrol.o
    0x0800b66c   0x000001c4   Code   RO         7303    i.setAux3WithAngle  application_auxmotorcontrol.o
    0x0800b830   0x000001c4   Code   RO         7305    i.setAux4WithAngle  application_auxmotorcontrol.o
    0x0800b9f4   0x00000094   Code   RO         7166    i.setCMBLWithSpeed  application_chassiscontrol.o
    0x0800ba88   0x00000094   Code   RO         7167    i.setCMBRWithSpeed  application_chassiscontrol.o
    0x0800bb1c   0x00000094   Code   RO         7168    i.setCMFLWithSpeed  application_chassiscontrol.o
    0x0800bbb0   0x00000094   Code   RO         7169    i.setCMFRWithSpeed  application_chassiscontrol.o
    0x0800bc44   0x00000052   Code   RO         7170    i.setChassisWithSpeed  application_chassiscontrol.o
    0x0800bc96   0x00000002   PAD
    0x0800bc98   0x000001c4   Code   RO         7307    i.setGetBulletWithAngle  application_auxmotorcontrol.o
    0x0800be5c   0x0000048a   Code   RO         7126    i.setMotor          application_setmotor.o
    0x0800c2e6   0x00000054   Code   RO         7127    i.setMotorWithPositionSpeedPID  application_setmotor.o
    0x0800c33a   0x00000034   Code   RO         7128    i.setMotorWithSpeedPID  application_setmotor.o
    0x0800c36e   0x00000002   PAD
    0x0800c370   0x000001c4   Code   RO         7308    i.setPlateWithAngle  application_auxmotorcontrol.o
    0x0800c534   0x0000006e   Code   RO         7894    i.sqrt              m_wm.l(sqrt.o)
    0x0800c5a2   0x00000002   PAD
    0x0800c5a4   0x00000630   Code   RO         7219    i.updateQuaternion  task_quaternion.o
    0x0800cbd4   0x00000006   Code   RO         7220    i.updateQuaternionTask  task_quaternion.o
    0x0800cbda   0x00000024   Code   RO         4203    i.uxListRemove      list.o
    0x0800cbfe   0x00000016   Code   RO         4204    i.vListInitialise   list.o
    0x0800cc14   0x00000006   Code   RO         4205    i.vListInitialiseItem  list.o
    0x0800cc1a   0x00000030   Code   RO         4206    i.vListInsert       list.o
    0x0800cc4a   0x00000018   Code   RO         4207    i.vListInsertEnd    list.o
    0x0800cc62   0x00000002   PAD
    0x0800cc64   0x00000040   Code   RO         3485    i.vPortEnterCritical  port.o
    0x0800cca4   0x00000028   Code   RO         3486    i.vPortExitCritical  port.o
    0x0800cccc   0x0000005c   Code   RO         4242    i.vPortFree         heap_4.o
    0x0800cd28   0x00000020   Code   RO         3487    i.vPortSetupTimerInterrupt  port.o
    0x0800cd48   0x00000054   Code   RO         3488    i.vPortValidateInterruptPriority  port.o
    0x0800cd9c   0x0000004c   Code   RO         4319    i.vTaskDelay        tasks.o
    0x0800cde8   0x0000000c   Code   RO         4323    i.vTaskMissedYield  tasks.o
    0x0800cdf4   0x00000030   Code   RO         4325    i.vTaskPlaceOnEventList  tasks.o
    0x0800ce24   0x00000084   Code   RO         4327    i.vTaskPriorityInherit  tasks.o
    0x0800cea8   0x00000024   Code   RO         4331    i.vTaskSetTimeOutState  tasks.o
    0x0800cecc   0x00000068   Code   RO         4332    i.vTaskStartScheduler  tasks.o
    0x0800cf34   0x00000010   Code   RO         4334    i.vTaskSuspendAll   tasks.o
    0x0800cf44   0x0000005c   Code   RO         4335    i.vTaskSwitchContext  tasks.o
    0x0800cfa0   0x000000e0   Code   RO         3489    i.xPortStartScheduler  port.o
    0x0800d080   0x0000002c   Code   RO         3490    i.xPortSysTickHandler  port.o
    0x0800d0ac   0x00000052   Code   RO         4060    i.xQueueGenericCreate  queue.o
    0x0800d0fe   0x00000002   PAD
    0x0800d100   0x0000016c   Code   RO         4061    i.xQueueGenericReceive  queue.o
    0x0800d26c   0x00000088   Code   RO         4062    i.xQueueGenericReset  queue.o
    0x0800d2f4   0x00000160   Code   RO         4063    i.xQueueGenericSend  queue.o
    0x0800d454   0x0000009c   Code   RO         4065    i.xQueueGiveFromISR  queue.o
    0x0800d4f0   0x0000009a   Code   RO         4069    i.xQueueReceiveFromISR  queue.o
    0x0800d58a   0x00000002   PAD
    0x0800d58c   0x0000006c   Code   RO         4336    i.xTaskCheckForTimeOut  tasks.o
    0x0800d5f8   0x00000056   Code   RO         4337    i.xTaskCreate       tasks.o
    0x0800d64e   0x00000002   PAD
    0x0800d650   0x0000001c   Code   RO         4341    i.xTaskGetSchedulerState  tasks.o
    0x0800d66c   0x000000c8   Code   RO         4344    i.xTaskIncrementTick  tasks.o
    0x0800d734   0x00000098   Code   RO         4347    i.xTaskPriorityDisinherit  tasks.o
    0x0800d7cc   0x00000074   Code   RO         4348    i.xTaskRemoveFromEventList  tasks.o
    0x0800d840   0x000000c4   Code   RO         4350    i.xTaskResumeAll    tasks.o
    0x0800d904   0x000011f4   Code   RO         7058    i.zykProcessData    tasks_upper.o
    0x0800eaf8   0x00000054   Code   RO         6740    i.zykReceiveData    drivers_uartupper.o
    0x0800eb4c   0x00000010   Data   RO            6    .constdata          system_stm32f4xx.o
    0x0800eb5c   0x00000008   Data   RO            7    .constdata          system_stm32f4xx.o
    0x0800eb64   0x00000008   Data   RO          174    .constdata          stm32f4xx_hal_dma.o
    0x0800eb6c   0x00000014   Data   RO         5013    .constdata          freertos.o
    0x0800eb80   0x000000dc   Data   RO         6075    .constdata          rtos_task.o
    0x0800ec5c   0x00000014   Data   RO         6302    .constdata          drivers_imu.o
    0x0800ec70   0x00000050   Data   RO         7863    .constdata          m_wm.l(asin.o)
    0x0800ecc0   0x00000098   Data   RO         8239    .constdata          m_wm.l(atan.o)
    0x0800ed58   0x00000008   Data   RO         8274    .constdata          m_wm.l(qnan.o)
    0x0800ed60   0x00000040   Data   RO         8333    .constdata          mc_w.l(ctype_c.o)
    0x0800eda0   0x0000000c   Data   RO         5014    .conststring        freertos.o
    0x0800edac   0x00000098   Data   RO         6076    .conststring        rtos_task.o
    0x0800ee44   0x000000b0   Data   RO         7060    .conststring        tasks_upper.o
    0x0800eef4   0x00000020   Data   RO         8337    Region$$Table       anon$$obj.o


    Execution Region RW_IRAM1 (Base: 0x20000000, Size: 0x0000f6d0, Max: 0x00030000, ABSOLUTE, COMPRESSED[0x00000284])

    Base Addr    Size         Type   Attr      Idx    E Section Name        Object

    0x20000000   0x00000004   Data   RW            8    .data               system_stm32f4xx.o
    0x20000004   0x00000004   Data   RW         2642    .data               stm32f4xx_hal.o
    0x20000008   0x0000000c   Data   RW         3491    .data               port.o
    0x20000014   0x00000018   Data   RW         4247    .data               heap_4.o
    0x2000002c   0x0000003c   Data   RW         4353    .data               tasks.o
    0x20000068   0x000000db   Data   RW         4792    .data               usbd_cdc.o
    0x20000143   0x00000001   PAD
    0x20000144   0x00000038   Data   RW         4793    .data               usbd_cdc.o
    0x2000017c   0x00000001   Data   RW         4955    .data               usbd_ctlreq.o
    0x2000017d   0x00000003   PAD
    0x20000180   0x00000004   Data   RW         5015    .data               freertos.o
    0x20000184   0x00000010   Data   RW         5478    .data               usbd_cdc_if.o
    0x20000194   0x00000008   Data   RW         5479    .data               usbd_cdc_if.o
    0x2000019c   0x0000001c   Data   RW         5537    .data               usbd_desc.o
    0x200001b8   0x00000016   Data   RW         5538    .data               usbd_desc.o
    0x200001ce   0x00000002   PAD
    0x200001d0   0x00000004   Data   RW         5602    .data               can.o
    0x200001d4   0x00000001   Data   RW         5984    .data               rtos_init.o
    0x200001d5   0x00000003   PAD
    0x200001d8   0x0000002c   Data   RW         6049    .data               rtos_semaphore.o
    0x20000204   0x0000002c   Data   RW         6077    .data               rtos_task.o
    0x20000230   0x00000008   Data   RW         6220    .data               utilities_tim.o
    0x20000238   0x00000002   Data   RW         6257    .data               drivers_led.o
    0x2000023a   0x00000002   PAD
    0x2000023c   0x0000002a   Data   RW         6303    .data               drivers_imu.o
    0x20000266   0x00000002   Data   RW         6304    .data               drivers_imu.o
    0x20000268   0x00000003   Data   RW         6305    .data               drivers_imu.o
    0x2000026b   0x00000001   PAD
    0x2000026c   0x00000002   Data   RW         6491    .data               drivers_canmotor.o
    0x2000026e   0x00000003   Data   RW         6492    .data               drivers_canmotor.o
    0x20000271   0x00000003   PAD
    0x20000274   0x00000158   Data   RW         6493    .data               drivers_canmotor.o
    0x200003cc   0x00000002   Data   RW         6494    .data               drivers_canmotor.o
    0x200003ce   0x00000003   Data   RW         6495    .data               drivers_canmotor.o
    0x200003d1   0x00000001   PAD
    0x200003d2   0x00000002   Data   RW         6496    .data               drivers_canmotor.o
    0x200003d4   0x00000003   Data   RW         6497    .data               drivers_canmotor.o
    0x200003d7   0x00000001   PAD
    0x200003d8   0x00000002   Data   RW         6498    .data               drivers_canmotor.o
    0x200003da   0x00000003   Data   RW         6499    .data               drivers_canmotor.o
    0x200003dd   0x00000001   PAD
    0x200003de   0x00000002   Data   RW         6500    .data               drivers_canmotor.o
    0x200003e0   0x00000003   Data   RW         6501    .data               drivers_canmotor.o
    0x200003e3   0x00000001   PAD
    0x200003e4   0x00000002   Data   RW         6502    .data               drivers_canmotor.o
    0x200003e6   0x00000003   Data   RW         6503    .data               drivers_canmotor.o
    0x200003e9   0x00000001   PAD
    0x200003ea   0x00000002   Data   RW         6504    .data               drivers_canmotor.o
    0x200003ec   0x00000003   Data   RW         6505    .data               drivers_canmotor.o
    0x200003ef   0x00000001   PAD
    0x200003f0   0x00000002   Data   RW         6506    .data               drivers_canmotor.o
    0x200003f2   0x00000003   Data   RW         6507    .data               drivers_canmotor.o
    0x200003f5   0x00000001   PAD
    0x200003f6   0x00000002   Data   RW         6508    .data               drivers_canmotor.o
    0x200003f8   0x00000003   Data   RW         6509    .data               drivers_canmotor.o
    0x200003fb   0x00000001   PAD
    0x200003fc   0x00000002   Data   RW         6510    .data               drivers_canmotor.o
    0x200003fe   0x00000003   Data   RW         6511    .data               drivers_canmotor.o
    0x20000401   0x00000001   PAD
    0x20000402   0x00000002   Data   RW         6512    .data               drivers_canmotor.o
    0x20000404   0x00000003   Data   RW         6513    .data               drivers_canmotor.o
    0x20000407   0x00000001   PAD
    0x20000408   0x00000002   Data   RW         6514    .data               drivers_canmotor.o
    0x2000040a   0x00000003   Data   RW         6515    .data               drivers_canmotor.o
    0x2000040d   0x00000001   PAD
    0x2000040e   0x00000002   Data   RW         6516    .data               drivers_canmotor.o
    0x20000410   0x00000054   Data   RW         6517    .data               drivers_canmotor.o
    0x20000464   0x00000003   Data   RW         6518    .data               drivers_canmotor.o
    0x20000467   0x00000001   PAD
    0x20000468   0x00000002   Data   RW         6519    .data               drivers_canmotor.o
    0x2000046a   0x00000002   PAD
    0x2000046c   0x00000054   Data   RW         6520    .data               drivers_canmotor.o
    0x200004c0   0x00000003   Data   RW         6521    .data               drivers_canmotor.o
    0x200004c3   0x00000001   PAD
    0x200004c4   0x00000002   Data   RW         6522    .data               drivers_canmotor.o
    0x200004c6   0x00000002   PAD
    0x200004c8   0x00000054   Data   RW         6523    .data               drivers_canmotor.o
    0x2000051c   0x00000003   Data   RW         6524    .data               drivers_canmotor.o
    0x2000051f   0x00000001   PAD
    0x20000520   0x00000002   Data   RW         6525    .data               drivers_canmotor.o
    0x20000522   0x00000002   PAD
    0x20000524   0x00000054   Data   RW         6526    .data               drivers_canmotor.o
    0x20000578   0x00000003   Data   RW         6527    .data               drivers_canmotor.o
    0x2000057b   0x00000001   PAD
    0x2000057c   0x00000002   Data   RW         6685    .data               drivers_uartrc.o
    0x2000057e   0x00000003   Data   RW         6686    .data               drivers_uartrc.o
    0x20000581   0x00000007   PAD
    0x20000588   0x0000001c   Data   RW         6687    .data               drivers_uartrc.o
    0x200005a4   0x00000004   Data   RW         6746    .data               drivers_uartupper.o
    0x200005a8   0x00000004   Data   RW         6900    .data               drivers_uartjudge.o
    0x200005ac   0x00000006   Data   RW         6902    .data               drivers_uartjudge.o
    0x200005b2   0x00000001   Data   RW         6962    .data               tasks_motor.o
    0x200005b3   0x00000001   PAD
    0x200005b4   0x00000004   Data   RW         6968    .data               tasks_motor.o
    0x200005b8   0x00000004   Data   RW         6969    .data               tasks_motor.o
    0x200005bc   0x00000004   PAD
    0x200005c0   0x00000058   Data   RW         6972    .data               tasks_motor.o
    0x20000618   0x0000001c   Data   RW         7129    .data               application_setmotor.o
    0x20000634   0x00000120   Data   RW         7175    .data               application_chassiscontrol.o
    0x20000754   0x00000004   PAD
    0x20000758   0x00000070   Data   RW         7222    .data               task_quaternion.o
    0x200007c8   0x00000130   Data   RW         7263    .data               application_gimbalcontrol.o
    0x200008f8   0x000003c8   Data   RW         7309    .data               application_auxmotorcontrol.o
    0x20000cc0   0x000000b4   Data   RW         7413    .data               application_remotecontrol.o
    0x20000d74   0x00000004   PAD
    0x20000d78   0x00000010   Data   RW         7585    .data               tasks_hero.o
    0x20000d88   0x00000004   Data   RW         7918    .data               mc_w.l(strtok.o)
    0x20000d8c   0x00000004   Data   RW         8289    .data               mc_w.l(stdout.o)
    0x20000d90   0x00000004   Data   RW         8300    .data               mc_w.l(mvars.o)
    0x20000d94   0x00000004   Data   RW         8301    .data               mc_w.l(mvars.o)
    0x20000d98   0x00000004   Data   RW         8305    .data               mc_w.l(errno.o)
    0x20000d9c   0x0000c350   Zero   RW         4246    .bss                heap_4.o
    0x2000d0ec   0x000000f0   Zero   RW         4352    .bss                tasks.o
    0x2000d1dc   0x000003f0   Zero   RW         5168    .bss                usbd_conf.o
    0x2000d5cc   0x000001a4   Zero   RW         5339    .bss                tim.o
    0x2000d770   0x000001c0   Zero   RW         5419    .bss                usart.o
    0x2000d930   0x00000080   Zero   RW         5536    .bss                usbd_desc.o
    0x2000d9b0   0x00000080   Zero   RW         5601    .bss                can.o
    0x2000da30   0x00000224   Zero   RW         5671    .bss                usb_device.o
    0x2000dc54   0x00000058   Zero   RW         5915    .bss                spi.o
    0x2000dcac   0x0000000c   Zero   RW         5955    .bss                iwdg.o
    0x2000dcb8   0x00000028   Zero   RW         6300    .bss                drivers_imu.o
    0x2000dce0   0x00000024   Zero   RW         6301    .bss                drivers_imu.o
    0x2000dd04   0x0000000c   Zero   RW         6477    .bss                drivers_canmotor.o
    0x2000dd10   0x0000000c   Zero   RW         6478    .bss                drivers_canmotor.o
    0x2000dd1c   0x0000000c   Zero   RW         6479    .bss                drivers_canmotor.o
    0x2000dd28   0x0000000c   Zero   RW         6480    .bss                drivers_canmotor.o
    0x2000dd34   0x00000012   Zero   RW         6481    .bss                drivers_canmotor.o
    0x2000dd46   0x00000012   Zero   RW         6482    .bss                drivers_canmotor.o
    0x2000dd58   0x0000000c   Zero   RW         6483    .bss                drivers_canmotor.o
    0x2000dd64   0x0000000c   Zero   RW         6484    .bss                drivers_canmotor.o
    0x2000dd70   0x0000000c   Zero   RW         6485    .bss                drivers_canmotor.o
    0x2000dd7c   0x0000000c   Zero   RW         6486    .bss                drivers_canmotor.o
    0x2000dd88   0x0000000c   Zero   RW         6487    .bss                drivers_canmotor.o
    0x2000dd94   0x0000000c   Zero   RW         6488    .bss                drivers_canmotor.o
    0x2000dda0   0x00000048   Zero   RW         6489    .bss                drivers_canmotor.o
    0x2000dde8   0x00000042   Zero   RW         6683    .bss                drivers_uartrc.o
    0x2000de2a   0x00000032   Zero   RW         6684    .bss                drivers_uartrc.o
    0x2000de5c   0x00000400   Zero   RW         6742    .bss                drivers_uartupper.o
    0x2000e25c   0x00000020   Zero   RW         6896    .bss                drivers_uartjudge.o
    0x2000e27c   0x00000018   Zero   RW         6961    .bss                tasks_motor.o
    0x2000e294   0x0000000c   Zero   RW         7221    .bss                task_quaternion.o
    0x2000e2a0   0x0000002e   Zero   RW         7412    .bss                application_remotecontrol.o
    0x2000e2ce   0x00000002   PAD
    0x2000e2d0   0x00001000   Zero   RW          150    HEAP                startup_stm32f427xx.o
    0x2000f2d0   0x00000400   Zero   RW          149    STACK               startup_stm32f427xx.o


==============================================================================

Image component sizes


      Code (inc. data)   RO Data    RW Data    ZI Data      Debug   Object Name

      2272        226          0        968          0       9315   application_auxmotorcontrol.o
       674         32          0        288          0       5100   application_chassiscontrol.o
         0          0          0        304          0       1352   application_gimbalcontrol.o
       256          0          0          0          0       1423   application_pidfunc.o
      2724        392          0        180         46      19683   application_remotecontrol.o
      1298        124          0         28          0       4085   application_setmotor.o
       360         40          0          4        128       2282   can.o
       336         10          0          0          0      24211   cmsis_os.o
         0          0          0          0          0      10204   croutine.o
        60          4          0          0          0        770   dma.o
      2360        348          0        760        228      18146   drivers_canmotor.o
      1096         66         20         47         76       8039   drivers_imu.o
       168         22          0          2          0       1670   drivers_led.o
       100         62          0          0          0       1062   drivers_uart.o
       140         24          0         10         32       3453   drivers_uartjudge.o
       392         38          0         33        116       4573   drivers_uartrc.o
       152         28          0          4       1024       3345   drivers_uartupper.o
         0          0          0          0          0       8060   event_groups.o
        72         12         32          4          0       5310   freertos.o
       556         32          0          0          0       1215   gpio.o
       456         22          0         24      50000       7055   heap_4.o
        44          8          0          0         12        683   iwdg.o
       136          0          0          0          0       3282   list.o
       316         30          0          0          0       2380   main.o
       100         64          0          0          0        545   peripheral_gpio.o
       758         84          0         12          0      11729   port.o
      1524         14          0          0          0      11889   queue.o
        60         16          0          1          0       9271   rtos_init.o
       148          4          0         44          0       2482   rtos_semaphore.o
       260         10        372         44          0       2663   rtos_task.o
       148         22          0          0         88       1537   spi.o
        36          8        428          0       5120        792   startup_stm32f427xx.o
       148         22          0          4          0       4299   stm32f4xx_hal.o
      1598         16          0          0          0       5910   stm32f4xx_hal_can.o
       218         14          0          0          0      30573   stm32f4xx_hal_cortex.o
      1098         22          8          0          0       6466   stm32f4xx_hal_dma.o
       494         58          0          0          0       2771   stm32f4xx_hal_gpio.o
        94          0          0          0          0       1639   stm32f4xx_hal_iwdg.o
        88          0          0          0          0        510   stm32f4xx_hal_msp.o
      2156         72          0          0          0       9729   stm32f4xx_hal_pcd.o
        76          0          0          0          0       1652   stm32f4xx_hal_pcd_ex.o
      1392         80          0          0          0       5388   stm32f4xx_hal_rcc.o
      1478          0          0          0          0       5782   stm32f4xx_hal_spi.o
      1690         88          0          0          0      14956   stm32f4xx_hal_tim.o
       174          0          0          0          0       3070   stm32f4xx_hal_tim_ex.o
      2312         28          0          0          0      14357   stm32f4xx_hal_uart.o
       198         70          0          0          0       9932   stm32f4xx_it.o
      2420         56          0          0          0      18492   stm32f4xx_ll_usb.o
        84         18         24          4          0     752171   system_stm32f4xx.o
      1634         72          0        112         12       4407   task_quaternion.o
      2074        170          0         60        240      21077   tasks.o
      2640        546          0         16          0       9969   tasks_hero.o
      1200        114          0         97         24       6666   tasks_motor.o
      4772       1600        176          0          0       6318   tasks_upper.o
      1468        130          0          0        420       6700   tim.o
         0          0          0          0          0       1472   timers.o
       652         90          0          0        448       3687   usart.o
        56         18          0          0        548        696   usb_device.o
       542         22          0        275          0      11444   usbd_cdc.o
        68         14          0         24          0       4181   usbd_cdc_if.o
       702         16          0          0       1008      12930   usbd_conf.o
       626          0          0          0          0      15414   usbd_core.o
       986         30          0          1          0       6684   usbd_ctlreq.o
       212        116          0         50        128       4775   usbd_desc.o
       132          0          0          0          0       4104   usbd_ioreq.o
       180          6          0          0          0       1282   userprotocal.o
        24          4          0          0          0        532   utilities_debug.o
       100         56          0          0          0       1012   utilities_iopool.o
       128         28          0          8          0       2180   utilities_tim.o

    ----------------------------------------------------------------------
     50990       5318       1092       3464      59700    1200833   Object Totals
         0          0         32          0          0          0   (incl. Generated)
        74          0          0         56          2          0   (incl. Padding)

    ----------------------------------------------------------------------

      Code (inc. data)   RO Data    RW Data    ZI Data      Debug   Library Member Name

       112          6          0          0          0       5660   ramp.o
       864         94         80          0          0        280   asin.o
       744        106        152          0          0        352   atan.o
       496         64          0          0          0        192   atan2.o
        56         12          0          0          0        132   atof.o
       104         16          0          0          0        496   dunder.o
        24          0          0          0          0        124   fabs.o
        48          0          0          0          0        124   fpclassify.o
       248          0          0          0          0        152   poly.o
         0          0          8          0          0          0   qnan.o
       232          0          0          0          0        296   sqrt.o
        86          0          0          0          0          0   __dczerorl2.o
        64          0          0          0          0         84   _sgetc.o
        40          6         64          0          0         68   ctype_c.o
         0          0          0          0          0          0   entry.o
         0          0          0          0          0          0   entry10a.o
         0          0          0          0          0          0   entry11a.o
         8          4          0          0          0          0   entry2.o
         4          0          0          0          0          0   entry5.o
         0          0          0          0          0          0   entry7b.o
         0          0          0          0          0          0   entry8b.o
         8          4          0          0          0          0   entry9a.o
        24         12          0          4          0        136   errno.o
        30          0          0          0          0          0   handlers.o
        36          8          0          0          0         68   init.o
        10          0          0          0          0         68   isspace_c.o
         0          0          0          0          0          0   iusefp.o
        30          0          0          0          0         68   llshl.o
        36          0          0          0          0         68   llsshr.o
        32          0          0          0          0         68   llushr.o
       188         20          0          0          0        160   malloc.o
        36          0          0          0          0         68   memcpya.o
        36          0          0          0          0        108   memseta.o
         0          0          0          8          0          0   mvars.o
      2276         96          0          0          0        596   printfa.o
       838         12          0          0          0        216   scanf_fp.o
         0          0          0          4          0          0   stdout.o
        28          0          0          0          0         76   strcmp.o
        14          0          0          0          0         68   strlen.o
        24          0          0          0          0         76   strncpy.o
       156         14          0          0          0        120   strtod.o
        68          6          0          4          0         80   strtok.o
        44          0          0          0          0         80   uidiv.o
        98          0          0          0          0         92   uldiv.o
        48          0          0          0          0         68   cdcmple.o
        48          0          0          0          0         68   cdrcmple.o
        56          0          0          0          0         88   d2f.o
       334          0          0          0          0        148   dadd.o
       222          0          0          0          0        100   ddiv.o
       186          0          0          0          0        176   depilogue.o
        62          0          0          0          0         80   dfixi.o
        48          0          0          0          0         68   dfixul.o
        34          0          0          0          0         76   dflti.o
        26          0          0          0          0         76   dfltui.o
        24          0          0          0          0         76   dfltul.o
       228          0          0          0          0         96   dmul.o
       162          0          0          0          0        100   dsqrt.o
        38          0          0          0          0         68   f2d.o
       110          0          0          0          0        168   fepilogue.o
        28          0          0          0          0         84   ffltul.o

    ----------------------------------------------------------------------
      8818        480        304         20          0      11716   Library Totals
        22          0          0          0          0          0   (incl. Padding)

    ----------------------------------------------------------------------

      Code (inc. data)   RO Data    RW Data    ZI Data      Debug   Library Name

       112          6          0          0          0       5660   RMLib.lib
      2816        292        240          0          0       2148   m_wm.l
      4214        182         64         20          0       2368   mc_w.l
      1654          0          0          0          0       1540   mf_w.l

    ----------------------------------------------------------------------
      8818        480        304         20          0      11716   Library Totals

    ----------------------------------------------------------------------

==============================================================================


      Code (inc. data)   RO Data    RW Data    ZI Data      Debug   

     59808       5798       1396       3484      59700    1168401   Grand Totals
     59808       5798       1396        644      59700    1168401   ELF Image Totals (compressed)
     59808       5798       1396        644          0          0   ROM Totals

==============================================================================

    Total RO  Size (Code + RO Data)                61204 (  59.77kB)
    Total RW  Size (RW Data + ZI Data)             63184 (  61.70kB)
    Total ROM Size (Code + RO Data + RW Data)      61848 (  60.40kB)

==============================================================================

